
Optional file libmchp_peripheral.a not found

Optional file libmchp_peripheral_32MX795F512L.a not found
Archive member included because of file (symbol)

c:/program files (x86)/microchip/xc32/v1.42/bin/bin/../../lib/gcc/pic32mx/4.8.3\libgcc.a(floatunsisf.o)
                              build/pic32mx_sk/production/_ext/1360937237/adc.o (__floatunsisf)
c:/program files (x86)/microchip/xc32/v1.42/bin/bin/../../lib/gcc/pic32mx/4.8.3/../../../../pic32mx/lib\libpic32.a(memcpy.o)
                              build/pic32mx_sk/production/_ext/1360937237/key.o (memcpy)
c:/program files (x86)/microchip/xc32/v1.42/bin/bin/../../lib/gcc/pic32mx/4.8.3/../../../../pic32mx/lib\libpic32.a(memset.o)
                              build/pic32mx_sk/production/_ext/1360937237/key.o (memset)
c:/program files (x86)/microchip/xc32/v1.42/bin/bin/../../lib/gcc/pic32mx/4.8.3/../../../../pic32mx/lib\libpic32.a(strlen.o)
                              build/pic32mx_sk/production/_ext/1360937237/key.o (strlen)
c:/program files (x86)/microchip/xc32/v1.42/bin/bin/../../lib/gcc/pic32mx/4.8.3/../../../../pic32mx/lib\libpic32.a(default-bootstrap-exception-handler.o)
                              c:/program files (x86)/microchip/xc32/v1.42/bin/bin/../../lib/gcc/pic32mx/4.8.3/../../../../pic32mx/lib/./proc/32MX795F512L/crt0_mips32r2.o (_bootstrap_exception_handler)
c:/program files (x86)/microchip/xc32/v1.42/bin/bin/../../lib/gcc/pic32mx/4.8.3/../../../../pic32mx/lib\libpic32.a(default-on-reset.o)
                              c:/program files (x86)/microchip/xc32/v1.42/bin/bin/../../lib/gcc/pic32mx/4.8.3/../../../../pic32mx/lib/./proc/32MX795F512L/crt0_mips32r2.o (_on_reset)
c:/program files (x86)/microchip/xc32/v1.42/bin/bin/../../lib/gcc/pic32mx/4.8.3/../../../../pic32mx/lib\libpic32.a(default-on-bootstrap.o)
                              c:/program files (x86)/microchip/xc32/v1.42/bin/bin/../../lib/gcc/pic32mx/4.8.3/../../../../pic32mx/lib/./proc/32MX795F512L/crt0_mips32r2.o (_on_bootstrap)
c:/program files (x86)/microchip/xc32/v1.42/bin/bin/../../lib/gcc/pic32mx/4.8.3/../../../../pic32mx/lib\libpic32.a(default-nmi-handler.o)
                              c:/program files (x86)/microchip/xc32/v1.42/bin/bin/../../lib/gcc/pic32mx/4.8.3/../../../../pic32mx/lib/./proc/32MX795F512L/crt0_mips32r2.o (_nmi_handler)
c:/program files (x86)/microchip/xc32/v1.42/bin/bin/../../lib/gcc/pic32mx/4.8.3/../../../../pic32mx/lib\libpic32.a(general-exception.o)
                              c:/program files (x86)/microchip/xc32/v1.42/bin/bin/../../lib/gcc/pic32mx/4.8.3/../../../../pic32mx/lib/./proc/32MX795F512L/crt0_mips32r2.o (_general_exception_context)
c:/program files (x86)/microchip/xc32/v1.42/bin/bin/../../lib/gcc/pic32mx/4.8.3/../../../../pic32mx/lib\libpic32.a(vector0.o)
                              c:/program files (x86)/microchip/xc32/v1.42/bin/bin/../../lib/gcc/pic32mx/4.8.3/../../../../pic32mx/lib/./proc/32MX795F512L\default_isr_vectors.o (__vector_dispatch_0)
c:/program files (x86)/microchip/xc32/v1.42/bin/bin/../../lib/gcc/pic32mx/4.8.3/../../../../pic32mx/lib\libpic32.a(vector2.o)
                              c:/program files (x86)/microchip/xc32/v1.42/bin/bin/../../lib/gcc/pic32mx/4.8.3/../../../../pic32mx/lib/./proc/32MX795F512L\default_isr_vectors.o (__vector_dispatch_2)
c:/program files (x86)/microchip/xc32/v1.42/bin/bin/../../lib/gcc/pic32mx/4.8.3/../../../../pic32mx/lib\libpic32.a(vector3.o)
                              c:/program files (x86)/microchip/xc32/v1.42/bin/bin/../../lib/gcc/pic32mx/4.8.3/../../../../pic32mx/lib/./proc/32MX795F512L\default_isr_vectors.o (__vector_dispatch_3)
c:/program files (x86)/microchip/xc32/v1.42/bin/bin/../../lib/gcc/pic32mx/4.8.3/../../../../pic32mx/lib\libpic32.a(vector5.o)
                              c:/program files (x86)/microchip/xc32/v1.42/bin/bin/../../lib/gcc/pic32mx/4.8.3/../../../../pic32mx/lib/./proc/32MX795F512L\default_isr_vectors.o (__vector_dispatch_5)
c:/program files (x86)/microchip/xc32/v1.42/bin/bin/../../lib/gcc/pic32mx/4.8.3/../../../../pic32mx/lib\libpic32.a(vector6.o)
                              c:/program files (x86)/microchip/xc32/v1.42/bin/bin/../../lib/gcc/pic32mx/4.8.3/../../../../pic32mx/lib/./proc/32MX795F512L\default_isr_vectors.o (__vector_dispatch_6)
c:/program files (x86)/microchip/xc32/v1.42/bin/bin/../../lib/gcc/pic32mx/4.8.3/../../../../pic32mx/lib\libpic32.a(vector7.o)
                              c:/program files (x86)/microchip/xc32/v1.42/bin/bin/../../lib/gcc/pic32mx/4.8.3/../../../../pic32mx/lib/./proc/32MX795F512L\default_isr_vectors.o (__vector_dispatch_7)
c:/program files (x86)/microchip/xc32/v1.42/bin/bin/../../lib/gcc/pic32mx/4.8.3/../../../../pic32mx/lib\libpic32.a(vector8.o)
                              c:/program files (x86)/microchip/xc32/v1.42/bin/bin/../../lib/gcc/pic32mx/4.8.3/../../../../pic32mx/lib/./proc/32MX795F512L\default_isr_vectors.o (__vector_dispatch_8)
[...]
Memory Configuration

Name             Origin             Length             Attributes
kseg0_program_mem 0x9d000000         0x00080000         xr
kseg0_boot_mem   0x9fc00490         0x00000970
exception_mem    0x9fc01000         0x00001000
kseg1_boot_mem   0xbfc00000         0x00000490
debug_exec_mem   0xbfc02000         0x00000ff0
config3          0xbfc02ff0         0x00000004
config2          0xbfc02ff4         0x00000004
config1          0xbfc02ff8         0x00000004
config0          0xbfc02ffc         0x00000004
kseg1_data_mem   0xa0000000         0x00020000         w !x
sfrs             0xbf800000         0x00100000
configsfrs       0xbfc02ff0         0x00000010
*default*        0x00000000         0xffffffff

Linker script and memory map

LOAD c:/program files (x86)/microchip/xc32/v1.42/bin/bin/../../lib/gcc/pic32mx/4.8.3/../../../../pic32mx/lib/./proc/32MX795F512L/crt0_mips32r2.o
LOAD c:/program files (x86)/microchip/xc32/v1.42/bin/bin/../../lib/gcc/pic32mx/4.8.3/../../../../pic32mx/lib\debug-exception-return.o
LOAD build/pic32mx_sk/production/_ext/1360937237/drv_usart_static.o
LOAD build/pic32mx_sk/production/_ext/1458591747/sys_clk_static.o
LOAD build/pic32mx_sk/production/_ext/1255054701/sys_ports_static.o
LOAD build/pic32mx_sk/production/_ext/351744058/system_init.o
LOAD build/pic32mx_sk/production/_ext/351744058/system_interrupt.o
LOAD build/pic32mx_sk/production/_ext/351744058/system_tasks.o
LOAD build/pic32mx_sk/production/_ext/351744058/system_interrupt_a.o
LOAD build/pic32mx_sk/production/_ext/351744058/rtos_hooks.o
LOAD build/pic32mx_sk/production/_ext/1360937237/app.o
LOAD build/pic32mx_sk/production/_ext/1360937237/app1.o
LOAD build/pic32mx_sk/production/_ext/1360937237/app2.o
LOAD build/pic32mx_sk/production/_ext/1360937237/app3.o
LOAD build/pic32mx_sk/production/_ext/1360937237/main.o
LOAD build/pic32mx_sk/production/_ext/1360937237/key.o
LOAD build/pic32mx_sk/production/_ext/1360937237/adc.o
LOAD build/pic32mx_sk/production/_ext/1360937237/buzzer.o
LOAD build/pic32mx_sk/production/_ext/1360937237/print.o
LOAD build/pic32mx_sk/production/_ext/1360937237/time.o
LOAD build/pic32mx_sk/production/_ext/1979166340/bsp_sys_init.o
LOAD build/pic32mx_sk/production/_ext/2067596619/osal_freertos.o
LOAD build/pic32mx_sk/production/_ext/912498863/sys_devcon.o
LOAD build/pic32mx_sk/production/_ext/912498863/sys_devcon_pic32mx.o
LOAD build/pic32mx_sk/production/_ext/711155467/sys_int_pic32.o
LOAD build/pic32mx_sk/production/_ext/1653354328/sys_ports.o
LOAD build/pic32mx_sk/production/_ext/427228813/heap_1.o
LOAD build/pic32mx_sk/production/_ext/1811092416/heap_4.o
LOAD build/pic32mx_sk/production/_ext/789006650/port.o
LOAD build/pic32mx_sk/production/_ext/789006650/port_asm.o
LOAD build/pic32mx_sk/production/_ext/161854096/croutine.o
LOAD build/pic32mx_sk/production/_ext/161854096/list.o
LOAD build/pic32mx_sk/production/_ext/161854096/queue.o
LOAD build/pic32mx_sk/production/_ext/161854096/tasks.o
LOAD build/pic32mx_sk/production/_ext/161854096/timers.o
LOAD build/pic32mx_sk/production/_ext/161854096/event_groups.o
LOAD ..\..\..\..\..\..\bin\framework\peripheral\PIC32MX795F512L_peripherals.a
                0x00000001                __MPLAB_BUILD = 0x1
                0x00000000                _min_heap_size = 0x0
LOAD c:/program files (x86)/microchip/xc32/v1.42/bin/bin/../../lib/gcc/pic32mx/4.8.3/../../../../pic32mx/lib/./proc/32MX795F512L\default_isr_vectors.o
LOAD c:/program files (x86)/microchip/xc32/v1.42/bin/bin/../../lib/gcc/pic32mx/4.8.3/../../../../pic32mx/lib\pic32_software_reset.o
                0x00000400                PROVIDE (_min_stack_size, 0x400)
LOAD c:/program files (x86)/microchip/xc32/v1.42/bin/bin/../../lib/gcc/pic32mx/4.8.3/../../../../pic32mx/lib/./proc/32MX795F512L\processor.o
START GROUP
LOAD libmchp_peripheral.a
END GROUP
START GROUP
LOAD libmchp_peripheral_32MX795F512L.a
END GROUP
                0x00000001                PROVIDE (_vector_spacing, 0x1)
                0x9fc01000                PROVIDE (_ebase_address, 0x9fc01000)
                0xbfc00000                _RESET_ADDR = 0xbfc00000
                0xbfc00380                _BEV_EXCPT_ADDR = 0xbfc00380
                0xbfc00480                _DBG_EXCPT_ADDR = 0xbfc00480
                0xbfc02000                _DBG_CODE_ADDR = 0xbfc02000
                0x00000ff0                _DBG_CODE_SIZE = 0xff0
                0x9fc01180                _GEN_EXCPT_ADDR = (_ebase_address + 0x180)

.config_BFC02FF0
                0xbfc02ff0        0x4
 *(.config_BFC02FF0)
 .config_BFC02FF0
                0xbfc02ff0        0x4 build/pic32mx_sk/production/_ext/351744058/system_init.o

.config_BFC02FF4
                0xbfc02ff4        0x4
 *(.config_BFC02FF4)
 .config_BFC02FF4
                0xbfc02ff4        0x4 build/pic32mx_sk/production/_ext/351744058/system_init.o

.config_BFC02FF8
                0xbfc02ff8        0x4
 *(.config_BFC02FF8)
 .config_BFC02FF8
                0xbfc02ff8        0x4 build/pic32mx_sk/production/_ext/351744058/system_init.o

.config_BFC02FFC
                0xbfc02ffc        0x4
 *(.config_BFC02FFC)
 .config_BFC02FFC
                0xbfc02ffc        0x4 build/pic32mx_sk/production/_ext/351744058/system_init.o
                0xbfc02000                PROVIDE (_DBG_CODE_ADDR, 0xbfc02000)
                0x00000ff0                PROVIDE (_DBG_CODE_SIZE, 0xff0)

.reset          0xbfc00000      0x208
 *(.reset)
 .reset         0xbfc00000        0x8 c:/program files (x86)/microchip/xc32/v1.42/bin/bin/../../lib/gcc/pic32mx/4.8.3/../../../../pic32mx/lib/./proc/32MX795F512L/crt0_mips32r2.o
                0xbfc00000                _reset
 *(.reset.startup)
 .reset.startup
                0xbfc00008      0x200 c:/program files (x86)/microchip/xc32/v1.42/bin/bin/../../lib/gcc/pic32mx/4.8.3/../../../../pic32mx/lib/./proc/32MX795F512L/crt0_mips32r2.o

.bev_excpt      0xbfc00380       0x10
 *(.bev_handler)
 .bev_handler   0xbfc00380       0x10 c:/program files (x86)/microchip/xc32/v1.42/bin/bin/../../lib/gcc/pic32mx/4.8.3/../../../../pic32mx/lib/./proc/32MX795F512L/crt0_mips32r2.o

.dbg_excpt      0xbfc00480        0x0
                0xbfc00480                . = (. + DEFINED (_DEBUGGER)?0x8:0x0)

.dbg_code       0xbfc02000        0x0
                0xbfc02000                . = (. + DEFINED (_DEBUGGER)?_DBG_CODE_SIZE:0x0)

.app_excpt      0x9fc01180       0x10
 *(.gen_handler)
 .gen_handler   0x9fc01180       0x10 c:/program files (x86)/microchip/xc32/v1.42/bin/bin/../../lib/gcc/pic32mx/4.8.3/../../../../pic32mx/lib/./proc/32MX795F512L/crt0_mips32r2.o

.vector_0       0x9fc01200        0x8
 *(.vector_0)
 .vector_0      0x9fc01200        0x8 c:/program files (x86)/microchip/xc32/v1.42/bin/bin/../../lib/gcc/pic32mx/4.8.3/../../../../pic32mx/lib\libpic32.a(vector0.o)
                0x9fc01200                __vector_dispatch_0
                0x00000001                ASSERT (((_vector_spacing == 0x0) || (SIZEOF (.vector_0) <= (_vector_spacing << 0x5))), function at exception vector 0 too large)

.vector_1       0x9fc01220        0x8
 *(.vector_1)
 .vector_1      0x9fc01220        0x8 build/pic32mx_sk/production/_ext/789006650/port.o
                0x9fc01220                __vector_dispatch_1
                0x00000001                ASSERT (((_vector_spacing == 0x0) || (SIZEOF (.vector_1) <= (_vector_spacing << 0x5))), function at exception vector 1 too large)

.vector_2       0x9fc01240        0x8
 *(.vector_2)
 .vector_2      0x9fc01240        0x8 c:/program files (x86)/microchip/xc32/v1.42/bin/bin/../../lib/gcc/pic32mx/4.8.3/../../../../pic32mx/lib\libpic32.a(vector2.o)
                0x9fc01240                __vector_dispatch_2
                0x00000001                ASSERT (((_vector_spacing == 0x0) || (SIZEOF (.vector_2) <= (_vector_spacing << 0x5))), function at exception vector 2 too large)

.vector_3       0x9fc01260        0x8
 *(.vector_3)
 .vector_3      0x9fc01260        0x8 c:/program files (x86)/microchip/xc32/v1.42/bin/bin/../../lib/gcc/pic32mx/4.8.3/../../../../pic32mx/lib\libpic32.a(vector3.o)
                0x9fc01260                __vector_dispatch_3
                0x00000001                ASSERT (((_vector_spacing == 0x0) || (SIZEOF (.vector_3) <= (_vector_spacing << 0x5))), function at exception vector 3 too large)

.vector_4       0x9fc01280        0x8
 *(.vector_4)
 .vector_4      0x9fc01280        0x8 build/pic32mx_sk/production/_ext/789006650/port.o
                0x9fc01280                __vector_dispatch_4
                0x00000001                ASSERT (((_vector_spacing == 0x0) || (SIZEOF (.vector_4) <= (_vector_spacing << 0x5))), function at exception vector 4 too large)

.vector_5       0x9fc012a0        0x8
 *(.vector_5)
 .vector_5      0x9fc012a0        0x8 c:/program files (x86)/microchip/xc32/v1.42/bin/bin/../../lib/gcc/pic32mx/4.8.3/../../../../pic32mx/lib\libpic32.a(vector5.o)
                0x9fc012a0                __vector_dispatch_5
                0x00000001                ASSERT (((_vector_spacing == 0x0) || (SIZEOF (.vector_5) <= (_vector_spacing << 0x5))), function at exception vector 5 too large)

.vector_6       0x9fc012c0        0x8
 *(.vector_6)
 .vector_6      0x9fc012c0        0x8 c:/program files (x86)/microchip/xc32/v1.42/bin/bin/../../lib/gcc/pic32mx/4.8.3/../../../../pic32mx/lib\libpic32.a(vector6.o)
                0x9fc012c0                __vector_dispatch_6
                0x00000001                ASSERT (((_vector_spacing == 0x0) || (SIZEOF (.vector_6) <= (_vector_spacing << 0x5))), function at exception vector 6 too large)

.vector_7       0x9fc012e0        0x8
 *(.vector_7)
 .vector_7      0x9fc012e0        0x8 c:/program files (x86)/microchip/xc32/v1.42/bin/bin/../../lib/gcc/pic32mx/4.8.3/../../../../pic32mx/lib\libpic32.a(vector7.o)
                0x9fc012e0                __vector_dispatch_7
                0x00000001                ASSERT (((_vector_spacing == 0x0) || (SIZEOF (.vector_7) <= (_vector_spacing << 0x5))), function at exception vector 7 too large)

.vector_8       0x9fc01300        0x8
 *(.vector_8)
 .vector_8      0x9fc01300        0x8 c:/program files (x86)/microchip/xc32/v1.42/bin/bin/../../lib/gcc/pic32mx/4.8.3/../../../../pic32mx/lib\libpic32.a(vector8.o)
                0x9fc01300                __vector_dispatch_8
                0x00000001                ASSERT (((_vector_spacing == 0x0) || (SIZEOF (.vector_8) <= (_vector_spacing << 0x5))), function at exception vector 8 too large)

.vector_9       0x9fc01320        0x8
 *(.vector_9)
 .vector_9      0x9fc01320        0x8 c:/program files (x86)/microchip/xc32/v1.42/bin/bin/../../lib/gcc/pic32mx/4.8.3/../../../../pic32mx/lib\libpic32.a(vector9.o)
                0x9fc01320                __vector_dispatch_9
                0x00000001                ASSERT (((_vector_spacing == 0x0) || (SIZEOF (.vector_9) <= (_vector_spacing << 0x5))), function at exception vector 9 too large)

.vector_10      0x9fc01340        0x8
 *(.vector_10)
 .vector_10     0x9fc01340        0x8 c:/program files (x86)/microchip/xc32/v1.42/bin/bin/../../lib/gcc/pic32mx/4.8.3/../../../../pic32mx/lib\libpic32.a(vector10.o)
                0x9fc01340                __vector_dispatch_10
                0x00000001                ASSERT (((_vector_spacing == 0x0) || (SIZEOF (.vector_10) <= (_vector_spacing << 0x5))), function at exception vector 10 too large)

.vector_11      0x9fc01360        0x8
 *(.vector_11)
 .vector_11     0x9fc01360        0x8 c:/program files (x86)/microchip/xc32/v1.42/bin/bin/../../lib/gcc/pic32mx/4.8.3/../../../../pic32mx/lib\libpic32.a(vector11.o)
                0x9fc01360                __vector_dispatch_11
                0x00000001                ASSERT (((_vector_spacing == 0x0) || (SIZEOF (.vector_11) <= (_vector_spacing << 0x5))), function at exception vector 11 too large)

.vector_12      0x9fc01380        0x8
 *(.vector_12)
 .vector_12     0x9fc01380        0x8 c:/program files (x86)/microchip/xc32/v1.42/bin/bin/../../lib/gcc/pic32mx/4.8.3/../../../../pic32mx/lib\libpic32.a(vector12.o)
                0x9fc01380                __vector_dispatch_12
                0x00000001                ASSERT (((_vector_spacing == 0x0) || (SIZEOF (.vector_12) <= (_vector_spacing << 0x5))), function at exception vector 12 too large)

.vector_13      0x9fc013a0        0x8
 *(.vector_13)
 .vector_13     0x9fc013a0        0x8 c:/program files (x86)/microchip/xc32/v1.42/bin/bin/../../lib/gcc/pic32mx/4.8.3/../../../../pic32mx/lib\libpic32.a(vector13.o)
                0x9fc013a0                __vector_dispatch_13
                0x00000001                ASSERT (((_vector_spacing == 0x0) || (SIZEOF (.vector_13) <= (_vector_spacing << 0x5))), function at exception vector 13 too large)

.vector_14      0x9fc013c0        0x8
 *(.vector_14)
 .vector_14     0x9fc013c0        0x8 c:/program files (x86)/microchip/xc32/v1.42/bin/bin/../../lib/gcc/pic32mx/4.8.3/../../../../pic32mx/lib\libpic32.a(vector14.o)
                0x9fc013c0                __vector_dispatch_14
                0x00000001                ASSERT (((_vector_spacing == 0x0) || (SIZEOF (.vector_14) <= (_vector_spacing << 0x5))), function at exception vector 14 too large)

.vector_15      0x9fc013e0        0x8
 *(.vector_15)
 .vector_15     0x9fc013e0        0x8 c:/program files (x86)/microchip/xc32/v1.42/bin/bin/../../lib/gcc/pic32mx/4.8.3/../../../../pic32mx/lib\libpic32.a(vector15.o)
                0x9fc013e0                __vector_dispatch_15
                0x00000001                ASSERT (((_vector_spacing == 0x0) || (SIZEOF (.vector_15) <= (_vector_spacing << 0x5))), function at exception vector 15 too large)

.vector_16      0x9fc01400        0x8
 *(.vector_16)
 .vector_16     0x9fc01400        0x8 c:/program files (x86)/microchip/xc32/v1.42/bin/bin/../../lib/gcc/pic32mx/4.8.3/../../../../pic32mx/lib\libpic32.a(vector16.o)
                0x9fc01400                __vector_dispatch_16
                0x00000001                ASSERT (((_vector_spacing == 0x0) || (SIZEOF (.vector_16) <= (_vector_spacing << 0x5))), function at exception vector 16 too large)

.vector_17      0x9fc01420        0x8
 *(.vector_17)
 .vector_17     0x9fc01420        0x8 c:/program files (x86)/microchip/xc32/v1.42/bin/bin/../../lib/gcc/pic32mx/4.8.3/../../../../pic32mx/lib\libpic32.a(vector17.o)
                0x9fc01420                __vector_dispatch_17
                0x00000001                ASSERT (((_vector_spacing == 0x0) || (SIZEOF (.vector_17) <= (_vector_spacing << 0x5))), function at exception vector 17 too large)

.vector_18      0x9fc01440        0x8
 *(.vector_18)
 .vector_18     0x9fc01440        0x8 c:/program files (x86)/microchip/xc32/v1.42/bin/bin/../../lib/gcc/pic32mx/4.8.3/../../../../pic32mx/lib\libpic32.a(vector18.o)
                0x9fc01440                __vector_dispatch_18
                0x00000001                ASSERT (((_vector_spacing == 0x0) || (SIZEOF (.vector_18) <= (_vector_spacing << 0x5))), function at exception vector 18 too large)

.vector_19      0x9fc01460        0x8
 *(.vector_19)
 .vector_19     0x9fc01460        0x8 c:/program files (x86)/microchip/xc32/v1.42/bin/bin/../../lib/gcc/pic32mx/4.8.3/../../../../pic32mx/lib\libpic32.a(vector19.o)
                0x9fc01460                __vector_dispatch_19
                0x00000001                ASSERT (((_vector_spacing == 0x0) || (SIZEOF (.vector_19) <= (_vector_spacing << 0x5))), function at exception vector 19 too large)

.vector_20      0x9fc01480        0x8
 *(.vector_20)
 .vector_20     0x9fc01480        0x8 c:/program files (x86)/microchip/xc32/v1.42/bin/bin/../../lib/gcc/pic32mx/4.8.3/../../../../pic32mx/lib\libpic32.a(vector20.o)
                0x9fc01480                __vector_dispatch_20
                0x00000001                ASSERT (((_vector_spacing == 0x0) || (SIZEOF (.vector_20) <= (_vector_spacing << 0x5))), function at exception vector 20 too large)

.vector_21      0x9fc014a0        0x8
 *(.vector_21)
 .vector_21     0x9fc014a0        0x8 c:/program files (x86)/microchip/xc32/v1.42/bin/bin/../../lib/gcc/pic32mx/4.8.3/../../../../pic32mx/lib\libpic32.a(vector21.o)
                0x9fc014a0                __vector_dispatch_21
                0x00000001                ASSERT (((_vector_spacing == 0x0) || (SIZEOF (.vector_21) <= (_vector_spacing << 0x5))), function at exception vector 21 too large)

.vector_22      0x9fc014c0        0x8
 *(.vector_22)
 .vector_22     0x9fc014c0        0x8 c:/program files (x86)/microchip/xc32/v1.42/bin/bin/../../lib/gcc/pic32mx/4.8.3/../../../../pic32mx/lib\libpic32.a(vector22.o)
                0x9fc014c0                __vector_dispatch_22
                0x00000001                ASSERT (((_vector_spacing == 0x0) || (SIZEOF (.vector_22) <= (_vector_spacing << 0x5))), function at exception vector 22 too large)

.vector_23      0x9fc014e0        0x8
 *(.vector_23)
 .vector_23     0x9fc014e0        0x8 c:/program files (x86)/microchip/xc32/v1.42/bin/bin/../../lib/gcc/pic32mx/4.8.3/../../../../pic32mx/lib\libpic32.a(vector23.o)
                0x9fc014e0                __vector_dispatch_23
                0x00000001                ASSERT (((_vector_spacing == 0x0) || (SIZEOF (.vector_23) <= (_vector_spacing << 0x5))), function at exception vector 23 too large)

.vector_24      0x9fc01500        0x8
 *(.vector_24)
 .vector_24     0x9fc01500        0x8 c:/program files (x86)/microchip/xc32/v1.42/bin/bin/../../lib/gcc/pic32mx/4.8.3/../../../../pic32mx/lib\libpic32.a(vector24.o)
                0x9fc01500                __vector_dispatch_24
                0x00000001                ASSERT (((_vector_spacing == 0x0) || (SIZEOF (.vector_24) <= (_vector_spacing << 0x5))), function at exception vector 24 too large)

.vector_25      0x9fc01520        0x8
 *(.vector_25)
 .vector_25     0x9fc01520        0x8 c:/program files (x86)/microchip/xc32/v1.42/bin/bin/../../lib/gcc/pic32mx/4.8.3/../../../../pic32mx/lib\libpic32.a(vector25.o)
                0x9fc01520                __vector_dispatch_25
                0x00000001                ASSERT (((_vector_spacing == 0x0) || (SIZEOF (.vector_25) <= (_vector_spacing << 0x5))), function at exception vector 25 too large)

.vector_26      0x9fc01540        0x8
 *(.vector_26)
 .vector_26     0x9fc01540        0x8 c:/program files (x86)/microchip/xc32/v1.42/bin/bin/../../lib/gcc/pic32mx/4.8.3/../../../../pic32mx/lib\libpic32.a(vector26.o)
                0x9fc01540                __vector_dispatch_26
                0x00000001                ASSERT (((_vector_spacing == 0x0) || (SIZEOF (.vector_26) <= (_vector_spacing << 0x5))), function at exception vector 26 too large)

.vector_27      0x9fc01560        0x8
 *(.vector_27)
 .vector_27     0x9fc01560        0x8 c:/program files (x86)/microchip/xc32/v1.42/bin/bin/../../lib/gcc/pic32mx/4.8.3/../../../../pic32mx/lib\libpic32.a(vector27.o)
                0x9fc01560                __vector_dispatch_27
                0x00000001                ASSERT (((_vector_spacing == 0x0) || (SIZEOF (.vector_27) <= (_vector_spacing << 0x5))), function at exception vector 27 too large)

.vector_28      0x9fc01580        0x8
 *(.vector_28)
 .vector_28     0x9fc01580        0x8 c:/program files (x86)/microchip/xc32/v1.42/bin/bin/../../lib/gcc/pic32mx/4.8.3/../../../../pic32mx/lib\libpic32.a(vector28.o)
                0x9fc01580                __vector_dispatch_28
                0x00000001                ASSERT (((_vector_spacing == 0x0) || (SIZEOF (.vector_28) <= (_vector_spacing << 0x5))), function at exception vector 28 too large)

.vector_29      0x9fc015a0        0x8
 *(.vector_29)
 .vector_29     0x9fc015a0        0x8 c:/program files (x86)/microchip/xc32/v1.42/bin/bin/../../lib/gcc/pic32mx/4.8.3/../../../../pic32mx/lib\libpic32.a(vector29.o)
                0x9fc015a0                __vector_dispatch_29
                0x00000001                ASSERT (((_vector_spacing == 0x0) || (SIZEOF (.vector_29) <= (_vector_spacing << 0x5))), function at exception vector 29 too large)

.vector_30      0x9fc015c0        0x8
 *(.vector_30)
 .vector_30     0x9fc015c0        0x8 c:/program files (x86)/microchip/xc32/v1.42/bin/bin/../../lib/gcc/pic32mx/4.8.3/../../../../pic32mx/lib\libpic32.a(vector30.o)
                0x9fc015c0                __vector_dispatch_30
                0x00000001                ASSERT (((_vector_spacing == 0x0) || (SIZEOF (.vector_30) <= (_vector_spacing << 0x5))), function at exception vector 30 too large)

.vector_31      0x9fc015e0        0x8
 *(.vector_31)
 .vector_31     0x9fc015e0        0x8 c:/program files (x86)/microchip/xc32/v1.42/bin/bin/../../lib/gcc/pic32mx/4.8.3/../../../../pic32mx/lib\libpic32.a(vector31.o)
                0x9fc015e0                __vector_dispatch_31
                0x00000001                ASSERT (((_vector_spacing == 0x0) || (SIZEOF (.vector_31) <= (_vector_spacing << 0x5))), function at exception vector 31 too large)

.vector_32      0x9fc01600        0x8
 *(.vector_32)
 .vector_32     0x9fc01600        0x8 c:/program files (x86)/microchip/xc32/v1.42/bin/bin/../../lib/gcc/pic32mx/4.8.3/../../../../pic32mx/lib\libpic32.a(vector32.o)
                0x9fc01600                __vector_dispatch_32
                0x00000001                ASSERT (((_vector_spacing == 0x0) || (SIZEOF (.vector_32) <= (_vector_spacing << 0x5))), function at exception vector 32 too large)

.vector_33      0x9fc01620        0x8
 *(.vector_33)
 .vector_33     0x9fc01620        0x8 c:/program files (x86)/microchip/xc32/v1.42/bin/bin/../../lib/gcc/pic32mx/4.8.3/../../../../pic32mx/lib\libpic32.a(vector33.o)
                0x9fc01620                __vector_dispatch_33
                0x00000001                ASSERT (((_vector_spacing == 0x0) || (SIZEOF (.vector_33) <= (_vector_spacing << 0x5))), function at exception vector 33 too large)

.vector_34      0x9fc01640        0x8
 *(.vector_34)
 .vector_34     0x9fc01640        0x8 c:/program files (x86)/microchip/xc32/v1.42/bin/bin/../../lib/gcc/pic32mx/4.8.3/../../../../pic32mx/lib\libpic32.a(vector34.o)
                0x9fc01640                __vector_dispatch_34
                0x00000001                ASSERT (((_vector_spacing == 0x0) || (SIZEOF (.vector_34) <= (_vector_spacing << 0x5))), function at exception vector 34 too large)

.vector_35      0x9fc01660        0x8
 *(.vector_35)
 .vector_35     0x9fc01660        0x8 c:/program files (x86)/microchip/xc32/v1.42/bin/bin/../../lib/gcc/pic32mx/4.8.3/../../../../pic32mx/lib\libpic32.a(vector35.o)
                0x9fc01660                __vector_dispatch_35
                0x00000001                ASSERT (((_vector_spacing == 0x0) || (SIZEOF (.vector_35) <= (_vector_spacing << 0x5))), function at exception vector 35 too large)

.vector_36      0x9fc01680        0x8
 *(.vector_36)
 .vector_36     0x9fc01680        0x8 c:/program files (x86)/microchip/xc32/v1.42/bin/bin/../../lib/gcc/pic32mx/4.8.3/../../../../pic32mx/lib\libpic32.a(vector36.o)
                0x9fc01680                __vector_dispatch_36
                0x00000001                ASSERT (((_vector_spacing == 0x0) || (SIZEOF (.vector_36) <= (_vector_spacing << 0x5))), function at exception vector 36 too large)

.vector_37      0x9fc016a0        0x8
 *(.vector_37)
 .vector_37     0x9fc016a0        0x8 c:/program files (x86)/microchip/xc32/v1.42/bin/bin/../../lib/gcc/pic32mx/4.8.3/../../../../pic32mx/lib\libpic32.a(vector37.o)
                0x9fc016a0                __vector_dispatch_37
                0x00000001                ASSERT (((_vector_spacing == 0x0) || (SIZEOF (.vector_37) <= (_vector_spacing << 0x5))), function at exception vector 37 too large)

.vector_38      0x9fc016c0        0x8
 *(.vector_38)
 .vector_38     0x9fc016c0        0x8 c:/program files (x86)/microchip/xc32/v1.42/bin/bin/../../lib/gcc/pic32mx/4.8.3/../../../../pic32mx/lib\libpic32.a(vector38.o)
                0x9fc016c0                __vector_dispatch_38
                0x00000001                ASSERT (((_vector_spacing == 0x0) || (SIZEOF (.vector_38) <= (_vector_spacing << 0x5))), function at exception vector 38 too large)

.vector_39      0x9fc016e0        0x8
 *(.vector_39)
 .vector_39     0x9fc016e0        0x8 c:/program files (x86)/microchip/xc32/v1.42/bin/bin/../../lib/gcc/pic32mx/4.8.3/../../../../pic32mx/lib\libpic32.a(vector39.o)
                0x9fc016e0                __vector_dispatch_39
                0x00000001                ASSERT (((_vector_spacing == 0x0) || (SIZEOF (.vector_39) <= (_vector_spacing << 0x5))), function at exception vector 39 too large)

.vector_40      0x9fc01700        0x8
 *(.vector_40)
 .vector_40     0x9fc01700        0x8 c:/program files (x86)/microchip/xc32/v1.42/bin/bin/../../lib/gcc/pic32mx/4.8.3/../../../../pic32mx/lib\libpic32.a(vector40.o)
                0x9fc01700                __vector_dispatch_40
                0x00000001                ASSERT (((_vector_spacing == 0x0) || (SIZEOF (.vector_40) <= (_vector_spacing << 0x5))), function at exception vector 40 too large)

.vector_41      0x9fc01720        0x8
 *(.vector_41)
 .vector_41     0x9fc01720        0x8 c:/program files (x86)/microchip/xc32/v1.42/bin/bin/../../lib/gcc/pic32mx/4.8.3/../../../../pic32mx/lib\libpic32.a(vector41.o)
                0x9fc01720                __vector_dispatch_41
                0x00000001                ASSERT (((_vector_spacing == 0x0) || (SIZEOF (.vector_41) <= (_vector_spacing << 0x5))), function at exception vector 41 too large)

.vector_42      0x9fc01740        0x8
 *(.vector_42)
 .vector_42     0x9fc01740        0x8 c:/program files (x86)/microchip/xc32/v1.42/bin/bin/../../lib/gcc/pic32mx/4.8.3/../../../../pic32mx/lib\libpic32.a(vector42.o)
                0x9fc01740                __vector_dispatch_42
                0x00000001                ASSERT (((_vector_spacing == 0x0) || (SIZEOF (.vector_42) <= (_vector_spacing << 0x5))), function at exception vector 42 too large)

.vector_43      0x9fc01760        0x8
 *(.vector_43)
 .vector_43     0x9fc01760        0x8 c:/program files (x86)/microchip/xc32/v1.42/bin/bin/../../lib/gcc/pic32mx/4.8.3/../../../../pic32mx/lib\libpic32.a(vector43.o)
                0x9fc01760                __vector_dispatch_43
                0x00000001                ASSERT (((_vector_spacing == 0x0) || (SIZEOF (.vector_43) <= (_vector_spacing << 0x5))), function at exception vector 43 too large)

.vector_44      0x9fc01780        0x8
 *(.vector_44)
 .vector_44     0x9fc01780        0x8 c:/program files (x86)/microchip/xc32/v1.42/bin/bin/../../lib/gcc/pic32mx/4.8.3/../../../../pic32mx/lib\libpic32.a(vector44.o)
                0x9fc01780                __vector_dispatch_44
                0x00000001                ASSERT (((_vector_spacing == 0x0) || (SIZEOF (.vector_44) <= (_vector_spacing << 0x5))), function at exception vector 44 too large)

.vector_45      0x9fc017a0        0x8
 *(.vector_45)
 .vector_45     0x9fc017a0        0x8 c:/program files (x86)/microchip/xc32/v1.42/bin/bin/../../lib/gcc/pic32mx/4.8.3/../../../../pic32mx/lib\libpic32.a(vector45.o)
                0x9fc017a0                __vector_dispatch_45
                0x00000001                ASSERT (((_vector_spacing == 0x0) || (SIZEOF (.vector_45) <= (_vector_spacing << 0x5))), function at exception vector 45 too large)

.vector_46      0x9fc017c0        0x8
 *(.vector_46)
 .vector_46     0x9fc017c0        0x8 c:/program files (x86)/microchip/xc32/v1.42/bin/bin/../../lib/gcc/pic32mx/4.8.3/../../../../pic32mx/lib\libpic32.a(vector46.o)
                0x9fc017c0                __vector_dispatch_46
                0x00000001                ASSERT (((_vector_spacing == 0x0) || (SIZEOF (.vector_46) <= (_vector_spacing << 0x5))), function at exception vector 46 too large)

.vector_47      0x9fc017e0        0x8
 *(.vector_47)
 .vector_47     0x9fc017e0        0x8 c:/program files (x86)/microchip/xc32/v1.42/bin/bin/../../lib/gcc/pic32mx/4.8.3/../../../../pic32mx/lib\libpic32.a(vector47.o)
                0x9fc017e0                __vector_dispatch_47
                0x00000001                ASSERT (((_vector_spacing == 0x0) || (SIZEOF (.vector_47) <= (_vector_spacing << 0x5))), function at exception vector 47 too large)

.vector_48      0x9fc01800        0x8
 *(.vector_48)
 .vector_48     0x9fc01800        0x8 c:/program files (x86)/microchip/xc32/v1.42/bin/bin/../../lib/gcc/pic32mx/4.8.3/../../../../pic32mx/lib\libpic32.a(vector48.o)
                0x9fc01800                __vector_dispatch_48
                0x00000001                ASSERT (((_vector_spacing == 0x0) || (SIZEOF (.vector_48) <= (_vector_spacing << 0x5))), function at exception vector 48 too large)

.vector_49      0x9fc01820        0x8
 *(.vector_49)
 .vector_49     0x9fc01820        0x8 c:/program files (x86)/microchip/xc32/v1.42/bin/bin/../../lib/gcc/pic32mx/4.8.3/../../../../pic32mx/lib\libpic32.a(vector49.o)
                0x9fc01820                __vector_dispatch_49
                0x00000001                ASSERT (((_vector_spacing == 0x0) || (SIZEOF (.vector_49) <= (_vector_spacing << 0x5))), function at exception vector 49 too large)

.vector_50      0x9fc01840        0x8
 *(.vector_50)
 .vector_50     0x9fc01840        0x8 c:/program files (x86)/microchip/xc32/v1.42/bin/bin/../../lib/gcc/pic32mx/4.8.3/../../../../pic32mx/lib\libpic32.a(vector50.o)
                0x9fc01840                __vector_dispatch_50
                0x00000001                ASSERT (((_vector_spacing == 0x0) || (SIZEOF (.vector_50) <= (_vector_spacing << 0x5))), function at exception vector 50 too large)

.vector_51      0x9fc01860        0x8
 *(.vector_51)
 .vector_51     0x9fc01860        0x8 c:/program files (x86)/microchip/xc32/v1.42/bin/bin/../../lib/gcc/pic32mx/4.8.3/../../../../pic32mx/lib\libpic32.a(vector51.o)
                0x9fc01860                __vector_dispatch_51
                0x00000001                ASSERT (((_vector_spacing == 0x0) || (SIZEOF (.vector_51) <= (_vector_spacing << 0x5))), function at exception vector 51 too large)

.vector_52      0x9fc01880        0x0
 *(.vector_52)
                0x00000001                ASSERT (((_vector_spacing == 0x0) || (SIZEOF (.vector_52) <= (_vector_spacing << 0x5))), function at exception vector 52 too large)

.vector_53      0x9fc018a0        0x0
 *(.vector_53)
                0x00000001                ASSERT (((_vector_spacing == 0x0) || (SIZEOF (.vector_53) <= (_vector_spacing << 0x5))), function at exception vector 53 too large)

.vector_54      0x9fc018c0        0x0
 *(.vector_54)
                0x00000001                ASSERT (((_vector_spacing == 0x0) || (SIZEOF (.vector_54) <= (_vector_spacing << 0x5))), function at exception vector 54 too large)

.vector_55      0x9fc018e0        0x0
 *(.vector_55)
                0x00000001                ASSERT (((_vector_spacing == 0x0) || (SIZEOF (.vector_55) <= (_vector_spacing << 0x5))), function at exception vector 55 too large)

.vector_56      0x9fc01900        0x0
 *(.vector_56)
                0x00000001                ASSERT (((_vector_spacing == 0x0) || (SIZEOF (.vector_56) <= (_vector_spacing << 0x5))), function at exception vector 56 too large)

.vector_57      0x9fc01920        0x0
 *(.vector_57)
                0x00000001                ASSERT (((_vector_spacing == 0x0) || (SIZEOF (.vector_57) <= (_vector_spacing << 0x5))), function at exception vector 57 too large)

.vector_58      0x9fc01940        0x0
 *(.vector_58)
                0x00000001                ASSERT (((_vector_spacing == 0x0) || (SIZEOF (.vector_58) <= (_vector_spacing << 0x5))), function at exception vector 58 too large)

.vector_59      0x9fc01960        0x0
 *(.vector_59)
                0x00000001                ASSERT (((_vector_spacing == 0x0) || (SIZEOF (.vector_59) <= (_vector_spacing << 0x5))), function at exception vector 59 too large)

.vector_60      0x9fc01980        0x0
 *(.vector_60)
                0x00000001                ASSERT (((_vector_spacing == 0x0) || (SIZEOF (.vector_60) <= (_vector_spacing << 0x5))), function at exception vector 60 too large)

.vector_61      0x9fc019a0        0x0
 *(.vector_61)
                0x00000001                ASSERT (((_vector_spacing == 0x0) || (SIZEOF (.vector_61) <= (_vector_spacing << 0x5))), function at exception vector 61 too large)

.vector_62      0x9fc019c0        0x0
 *(.vector_62)
                0x00000001                ASSERT (((_vector_spacing == 0x0) || (SIZEOF (.vector_62) <= (_vector_spacing << 0x5))), function at exception vector 62 too large)

.vector_63      0x9fc019e0        0x0
 *(.vector_63)
                0x00000001                ASSERT (((_vector_spacing == 0x0) || (SIZEOF (.vector_63) <= (_vector_spacing << 0x5))), function at exception vector 63 too large)

.startup
 *(.startup)

.text           0x9d000000        0x0
 *(.stub .gnu.linkonce.t.*)
 *(.text.*personality*)
 *(.mips16.fn.*)
 *(.mips16.call.*)
 *(.gnu.warning)
                0x9d000000                . = ALIGN (0x4)

.init           0x9d000000        0x0
 *crti.o(.init)
 *crtbegin.o(.init)
 *(EXCLUDE_FILE(*crtn.o *crtend?.o *crtend.o) .init)
 *crtend.o(.init)
 *crtn.o(.init)
                0x9d000000                . = ALIGN (0x4)

.fini           0x9d000000        0x0
 *(.fini)
                0x9d000000                . = ALIGN (0x4)

.preinit_array  0x9d000000        0x0
                0x9d000000                PROVIDE (__preinit_array_start, .)
 *(.preinit_array)
                0x9d000000                PROVIDE (__preinit_array_end, .)
                0x9d000000                . = ALIGN (0x4)

.init_array     0x9d000000        0x0
                0x9d000000                PROVIDE (__init_array_start, .)
 *(SORT(.init_array.*))
 *(.init_array)
                0x9d000000                PROVIDE (__init_array_end, .)
                0x9d000000                . = ALIGN (0x4)

.fini_array     0x9d000000        0x0
                0x9d000000                PROVIDE (__fini_array_start, .)
 *(SORT(.fini_array.*))
 *(.fini_array)
                0x9d000000                PROVIDE (__fini_array_end, .)
                0x9d000000                . = ALIGN (0x4)

.ctors          0x9d000000        0x0
 *crtbegin.o(.ctors)
 *crtbegin?.o(.ctors)
 *(EXCLUDE_FILE(*crtend?.o *crtend.o) .ctors)
 *(SORT(.ctors.*))
 *(.ctors)
                0x9d000000                . = ALIGN (0x4)

.dtors          0x9d000000        0x0
 *crtbegin.o(.dtors)
 *crtbegin?.o(.dtors)
 *(EXCLUDE_FILE(*crtend?.o *crtend.o) .dtors)
 *(SORT(.dtors.*))
 *(.dtors)
                0x9d000000                . = ALIGN (0x4)

.rodata         0x9d000000        0x0
 *(.gnu.linkonce.r.*)
 *(.rodata1)
                0x9d000000                . = ALIGN (0x4)

.sdata2         0x9fc00490        0x0
 *(.sdata2 .sdata2.* .gnu.linkonce.s2.*)
                0x9fc00490                . = ALIGN (0x4)

.sbss2          0x9fc00490        0x0
 *(.sbss2 .sbss2.* .gnu.linkonce.sb2.*)
                0x9fc00490                . = ALIGN (0x4)

.eh_frame_hdr
 *(.eh_frame_hdr)
                0x9fc00490                . = ALIGN (0x4)

.eh_frame
 *(.eh_frame)
                0x9fc00490                . = ALIGN (0x4)

.gcc_except_table
 *(.gcc_except_table .gcc_except_table.*)
                0x9fc00490                . = ALIGN (0x4)

.dbg_data       0xa0000000        0x0
                0xa0000000                . = (. + DEFINED (_DEBUGGER)?0x200:0x0)

.jcr            0xa0000000        0x0
 *(.jcr)
                0xa0000000                . = ALIGN (0x4)

.eh_frame
 *(.eh_frame)
                0xa0000000                . = ALIGN (0x4)

.gcc_except_table
 *(.gcc_except_table .gcc_except_table.*)
                0xa0000000                . = ALIGN (0x4)

.persist        0xa0000000        0x0
                0xa0000000                _persist_begin = .
 *(.persist .persist.*)
 *(.pbss .pbss.*)
                0xa0000000                . = ALIGN (0x4)
                0xa0000000                _persist_end = .

.data           0xa0000000        0x0
 *(.gnu.linkonce.d.*)
 *(.data1)
                0xa0000000                . = ALIGN (0x4)
                0xa0000000                . = .
                0xa0007ff0                _gp = (ALIGN (0x10) + 0x7ff0)

.got            0xa0000000        0x0
 *(.got.plt)
 *(.got)
                0xa0000000                . = ALIGN (0x4)

.sdata          0xa0000000        0x8
                0xa0000000                _sdata_begin = .
 *(.sdata .sdata.* .gnu.linkonce.s.*)
 .sdata         0xa0000000        0x4 build/pic32mx_sk/production/_ext/789006650/port.o
                0xa0000000                uxInterruptNesting
 .sdata         0xa0000004        0x4 c:/program files (x86)/microchip/xc32/v1.42/bin/bin/../../lib/gcc/pic32mx/4.8.3/../../../../pic32mx/lib\libpic32.a(xc32_uart.o)
                0xa0000004                __XC_UART
                0xa0000008                . = ALIGN (0x4)
                0xa0000008                _sdata_end = .

.lit8
 *(.lit8)

.lit4
 *(.lit4)
                0xa0000008                . = ALIGN (0x4)
                0xa0000008                _data_end = .
                0xa0000008                _bss_begin = .

.sbss           0xa0000008       0xac
                0xa0000008                _sbss_begin = .
 *(.dynsbss)
 *(.sbss .sbss.* .gnu.linkonce.sb.*)
 .sbss          0xa0000008        0xc build/pic32mx_sk/production/_ext/1360937237/key.o
                0xa0000008                step
                0xa000000c                keycode
                0xa0000010                xQueue
 .sbss          0xa0000014        0x4 build/pic32mx_sk/production/_ext/1360937237/adc.o
                0xa0000014                xPrintQueue
 .sbss          0xa0000018        0x4 build/pic32mx_sk/production/_ext/1360937237/buzzer.o
                0xa0000018                freq
 .sbss          0xa000001c        0x4 build/pic32mx_sk/production/_ext/1360937237/time.o
 .sbss          0xa0000020       0x18 build/pic32mx_sk/production/_ext/1811092416/heap_4.o
 .sbss          0xa0000038        0x4 build/pic32mx_sk/production/_ext/789006650/port.o
                0xa0000038                uxSavedTaskStackPointer
 .sbss          0xa000003c       0x38 build/pic32mx_sk/production/_ext/161854096/tasks.o
                0xa0000070                pxCurrentTCB
 *(.scommon)
 .scommon       0xa0000074        0x4 build/pic32mx_sk/production/_ext/351744058/system_init.o
                0xa0000074                sysObj
 .scommon       0xa0000078        0xc build/pic32mx_sk/production/_ext/351744058/rtos_hooks.o
                0xa0000078                xAdcPrintQueue
                0xa000007c                xKeyPrintQueue
                0xa0000080                bett
 .scommon       0xa0000084        0x4 build/pic32mx_sk/production/_ext/1360937237/app.o
                0xa0000084                appData
 .scommon       0xa0000088        0x4 build/pic32mx_sk/production/_ext/1360937237/app1.o
                0xa0000088                app1Data
 .scommon       0xa000008c        0x4 build/pic32mx_sk/production/_ext/1360937237/app2.o
                0xa000008c                app2Data
 .scommon       0xa0000090        0x4 build/pic32mx_sk/production/_ext/1360937237/app3.o
                0xa0000090                app3Data
 .scommon       0xa0000094        0xc build/pic32mx_sk/production/_ext/1360937237/key.o
                0xa0000094                a
                0xa0000098                i
                0xa000009c                keyData
 .scommon       0xa00000a0        0x4 build/pic32mx_sk/production/_ext/1360937237/adc.o
                0xa00000a0                adcData
 .scommon       0xa00000a4        0x4 build/pic32mx_sk/production/_ext/1360937237/buzzer.o
                0xa00000a4                buzzerData
 .scommon       0xa00000a8        0x4 build/pic32mx_sk/production/_ext/1360937237/print.o
                0xa00000a8                printData
 .scommon       0xa00000ac        0x8 build/pic32mx_sk/production/_ext/912498863/sys_devcon.o
                0xa00000ac                sysDevconObj
                0xa00000b4                _sbss_end = .
                0xa00000b4                . = ALIGN (0x4)

.bss            0xa00000b4       0xcc
 *(.dynbss)
 *(COMMON)
 COMMON         0xa00000b4       0xb4 build/pic32mx_sk/production/_ext/1360937237/key.o
                0xa00000b4                buffer
                0xa0000118                num
 COMMON         0xa0000168       0x18 build/pic32mx_sk/production/_ext/1360937237/time.o
                0xa0000168                drvI2CRXbuffer
                0xa0000174                drvI2CTXbuffer
                0xa0000180                . = ALIGN ((. != 0x0)?0x4:0x1)
                0xa0000180                . = ALIGN (0x4)
                0xa0000180                _end = .
                0xa0000180                _bss_end = .
                0x00020000                _bmxdudba_address = 0x20000
                0x00020000                _bmxdupba_address = 0x20000

/DISCARD/
 *(.pdr)
 *(.rel.dyn)
 *(.note.GNU-stack)
 *(.note.GNU-stack)
 *(.gnu_debuglink)
 *(.gnu.lto_*)
 *(.discard)

.gptab.sdata
 *(.gptab.data)
 *(.gptab.sdata)

.gptab.sbss
 *(.gptab.bss)
 *(.gptab.sbss)

.mdebug.abi32   0xa0000180        0x0
 *(.mdebug.abi32)
 .mdebug.abi32  0xa0000180        0x0 build/pic32mx_sk/production/_ext/1360937237/drv_usart_static.o
 .mdebug.abi32  0xa0000180        0x0 build/pic32mx_sk/production/_ext/1458591747/sys_clk_static.o
 .mdebug.abi32  0xa0000180        0x0 build/pic32mx_sk/production/_ext/1255054701/sys_ports_static.o
 .mdebug.abi32  0xa0000180        0x0 build/pic32mx_sk/production/_ext/351744058/system_init.o
 .mdebug.abi32  0xa0000180        0x0 build/pic32mx_sk/production/_ext/351744058/system_interrupt.o
 .mdebug.abi32  0xa0000180        0x0 build/pic32mx_sk/production/_ext/351744058/system_tasks.o
 .mdebug.abi32  0xa0000180        0x0 build/pic32mx_sk/production/_ext/351744058/rtos_hooks.o
 .mdebug.abi32  0xa0000180        0x0 build/pic32mx_sk/production/_ext/1360937237/app.o
 .mdebug.abi32  0xa0000180        0x0 build/pic32mx_sk/production/_ext/1360937237/app1.o
 .mdebug.abi32  0xa0000180        0x0 build/pic32mx_sk/production/_ext/1360937237/app2.o
 .mdebug.abi32  0xa0000180        0x0 build/pic32mx_sk/production/_ext/1360937237/app3.o
 .mdebug.abi32  0xa0000180        0x0 build/pic32mx_sk/production/_ext/1360937237/main.o
 .mdebug.abi32  0xa0000180        0x0 build/pic32mx_sk/production/_ext/1360937237/key.o
 .mdebug.abi32  0xa0000180        0x0 build/pic32mx_sk/production/_ext/1360937237/adc.o
 .mdebug.abi32  0xa0000180        0x0 build/pic32mx_sk/production/_ext/1360937237/buzzer.o
 .mdebug.abi32  0xa0000180        0x0 build/pic32mx_sk/production/_ext/1360937237/print.o
 .mdebug.abi32  0xa0000180        0x0 build/pic32mx_sk/production/_ext/1360937237/time.o
 .mdebug.abi32  0xa0000180        0x0 build/pic32mx_sk/production/_ext/1979166340/bsp_sys_init.o
 .mdebug.abi32  0xa0000180        0x0 build/pic32mx_sk/production/_ext/2067596619/osal_freertos.o
 .mdebug.abi32  0xa0000180        0x0 build/pic32mx_sk/production/_ext/912498863/sys_devcon.o
 .mdebug.abi32  0xa0000180        0x0 build/pic32mx_sk/production/_ext/912498863/sys_devcon_pic32mx.o
 .mdebug.abi32  0xa0000180        0x0 build/pic32mx_sk/production/_ext/711155467/sys_int_pic32.o
 .mdebug.abi32  0xa0000180        0x0 build/pic32mx_sk/production/_ext/1653354328/sys_ports.o
 .mdebug.abi32  0xa0000180        0x0 build/pic32mx_sk/production/_ext/427228813/heap_1.o
 .mdebug.abi32  0xa0000180        0x0 build/pic32mx_sk/production/_ext/1811092416/heap_4.o
 .mdebug.abi32  0xa0000180        0x0 build/pic32mx_sk/production/_ext/789006650/port.o
 .mdebug.abi32  0xa0000180        0x0 build/pic32mx_sk/production/_ext/161854096/croutine.o
 .mdebug.abi32  0xa0000180        0x0 build/pic32mx_sk/production/_ext/161854096/list.o
 .mdebug.abi32  0xa0000180        0x0 build/pic32mx_sk/production/_ext/161854096/queue.o
 .mdebug.abi32  0xa0000180        0x0 build/pic32mx_sk/production/_ext/161854096/tasks.o
 .mdebug.abi32  0xa0000180        0x0 build/pic32mx_sk/production/_ext/161854096/timers.o
 .mdebug.abi32  0xa0000180        0x0 build/pic32mx_sk/production/_ext/161854096/event_groups.o
 .mdebug.abi32  0xa0000180        0x0 c:/program files (x86)/microchip/xc32/v1.42/bin/bin/../../lib/gcc/pic32mx/4.8.3\libgcc.a(floatunsisf.o)
 .mdebug.abi32  0xa0000180        0x0 c:/program files (x86)/microchip/xc32/v1.42/bin/bin/../../lib/gcc/pic32mx/4.8.3/../../../../pic32mx/lib\libpic32.a(default-bootstrap-exception-handler.o)
 .mdebug.abi32  0xa0000180        0x0 c:/program files (x86)/microchip/xc32/v1.42/bin/bin/../../lib/gcc/pic32mx/4.8.3/../../../../pic32mx/lib\libpic32.a(default-on-reset.o)
 .mdebug.abi32  0xa0000180        0x0 c:/program files (x86)/microchip/xc32/v1.42/bin/bin/../../lib/gcc/pic32mx/4.8.3/../../../../pic32mx/lib\libpic32.a(default-on-bootstrap.o)
 .mdebug.abi32  0xa0000180        0x0 c:/program files (x86)/microchip/xc32/v1.42/bin/bin/../../lib/gcc/pic32mx/4.8.3/../../../../pic32mx/lib\libpic32.a(defaultinterrupt.o)
 .mdebug.abi32  0xa0000180        0x0 c:/program files (x86)/microchip/xc32/v1.42/bin/bin/../../lib/gcc/pic32mx/4.8.3/../../../../pic32mx/lib\libc.a(itoa.o)
 .mdebug.abi32  0xa0000180        0x0 c:/program files (x86)/microchip/xc32/v1.42/bin/bin/../../lib/gcc/pic32mx/4.8.3/../../../../pic32mx/lib\libc.a(puts.o)
 .mdebug.abi32  0xa0000180        0x0 c:/program files (x86)/microchip/xc32/v1.42/bin/bin/../../lib/gcc/pic32mx/4.8.3/../../../../pic32mx/lib\libc.a(printf_cdnopuxX.eo)
 .mdebug.abi32  0xa0000180        0x0 c:/program files (x86)/microchip/xc32/v1.42/bin/bin/../../lib/gcc/pic32mx/4.8.3/../../../../pic32mx/lib\libc.a(sprintf_fF.eo)
 .mdebug.abi32  0xa0000180        0x0 c:/program files (x86)/microchip/xc32/v1.42/bin/bin/../../lib/gcc/pic32mx/4.8.3/../../../../pic32mx/lib\libc.a(_iob.o)
 .mdebug.abi32  0xa0000180        0x0 c:/program files (x86)/microchip/xc32/v1.42/bin/bin/../../lib/gcc/pic32mx/4.8.3/../../../../pic32mx/lib\libc.a(_fputc_simple.o)
 .mdebug.abi32  0xa0000180        0x0 c:/program files (x86)/microchip/xc32/v1.42/bin/bin/../../lib/gcc/pic32mx/4.8.3/../../../../pic32mx/lib\libc.a(_flsbuf_simple.o)
 .mdebug.abi32  0xa0000180        0x0 c:/program files (x86)/microchip/xc32/v1.42/bin/bin/../../lib/gcc/pic32mx/4.8.3/../../../../pic32mx/lib\libc.a(ctype.o)
 .mdebug.abi32  0xa0000180        0x0 c:/program files (x86)/microchip/xc32/v1.42/bin/bin/../../lib/gcc/pic32mx/4.8.3/../../../../pic32mx/lib\libc.a(powersf.o)
 .mdebug.abi32  0xa0000180        0x0 c:/program files (x86)/microchip/xc32/v1.42/bin/bin/../../lib/gcc/pic32mx/4.8.3/../../../../pic32mx/lib\libc.a(doprnt_cdfFnopuxX.eo)
 .mdebug.abi32  0xa0000180        0x0 c:/program files (x86)/microchip/xc32/v1.42/bin/bin/../../lib/gcc/pic32mx/4.8.3/../../../../pic32mx/lib\libpic32.a(write.o)
 .mdebug.abi32  0xa0000180        0x0 c:/program files (x86)/microchip/xc32/v1.42/bin/bin/../../lib/gcc/pic32mx/4.8.3/../../../../pic32mx/lib\libpic32.a(_mon_putc.o)
 .mdebug.abi32  0xa0000180        0x0 c:/program files (x86)/microchip/xc32/v1.42/bin/bin/../../lib/gcc/pic32mx/4.8.3/../../../../pic32mx/lib\libpic32.a(xc32_uart.o)
 .mdebug.abi32  0xa0000180        0x0 c:/program files (x86)/microchip/xc32/v1.42/bin/bin/../../lib/gcc/pic32mx/4.8.3/../../../../pic32mx/lib\libe.a(_floatdisf.o)
 .mdebug.abi32  0xa0000180        0x0 c:/program files (x86)/microchip/xc32/v1.42/bin/bin/../../lib/gcc/pic32mx/4.8.3\libgcc.a(_udivdi3.o)
 .mdebug.abi32  0xa0000180        0x0 c:/program files (x86)/microchip/xc32/v1.42/bin/bin/../../lib/gcc/pic32mx/4.8.3\libgcc.a(_umoddi3.o)

.mdebug.abiN32
 *(.mdebug.abiN32)

.mdebug.abi64
 *(.mdebug.abi64)

.mdebug.abiO64
 *(.mdebug.abiO64)

.mdebug.eabi32
 *(.mdebug.eabi32)

.mdebug.eabi64
 *(.mdebug.eabi64)

.gcc_compiled_long32
 *(.gcc_compiled_long32)

.gcc_compiled_long64
 *(.gcc_compiled_long64)

.stab
 *(.stab)

.stabstr
 *(.stabstr)

.stab.excl
 *(.stab.excl)

.stab.exclstr
 *(.stab.exclstr)

.stab.index
 *(.stab.index)

.stab.indexstr
 *(.stab.indexstr)

.comment        0x00000000      0x159
 *(.comment)
 .comment       0x00000000       0x3c build/pic32mx_sk/production/_ext/1360937237/drv_usart_static.o
                                 0x3d (size before relaxing)
 .comment       0x00000000       0x3d build/pic32mx_sk/production/_ext/1458591747/sys_clk_static.o
 .comment       0x00000000       0x3d build/pic32mx_sk/production/_ext/1255054701/sys_ports_static.o
 .comment       0x00000000       0x3d build/pic32mx_sk/production/_ext/351744058/system_init.o
 .comment       0x00000000       0x3d build/pic32mx_sk/production/_ext/351744058/system_interrupt.o
 .comment       0x00000000       0x3d build/pic32mx_sk/production/_ext/351744058/system_tasks.o
 .comment       0x00000000       0x3d build/pic32mx_sk/production/_ext/351744058/rtos_hooks.o
 .comment       0x00000000       0x3d build/pic32mx_sk/production/_ext/1360937237/app.o
 .comment       0x00000000       0x3d build/pic32mx_sk/production/_ext/1360937237/app1.o
 .comment       0x00000000       0x3d build/pic32mx_sk/production/_ext/1360937237/app2.o
 .comment       0x00000000       0x3d build/pic32mx_sk/production/_ext/1360937237/app3.o
 .comment       0x00000000       0x3d build/pic32mx_sk/production/_ext/1360937237/main.o
 .comment       0x00000000       0x3d build/pic32mx_sk/production/_ext/1360937237/key.o
 .comment       0x00000000       0x3d build/pic32mx_sk/production/_ext/1360937237/adc.o
 .comment       0x00000000       0x3d build/pic32mx_sk/production/_ext/1360937237/buzzer.o
 .comment       0x00000000       0x3d build/pic32mx_sk/production/_ext/1360937237/print.o
 .comment       0x00000000       0x3d build/pic32mx_sk/production/_ext/1360937237/time.o
 .comment       0x00000000       0x3d build/pic32mx_sk/production/_ext/1979166340/bsp_sys_init.o
 .comment       0x00000000       0x3d build/pic32mx_sk/production/_ext/2067596619/osal_freertos.o
 .comment       0x00000000       0x3d build/pic32mx_sk/production/_ext/912498863/sys_devcon.o
 .comment       0x00000000       0x3d build/pic32mx_sk/production/_ext/912498863/sys_devcon_pic32mx.o
 .comment       0x00000000       0x3d build/pic32mx_sk/production/_ext/711155467/sys_int_pic32.o
 .comment       0x00000000       0x3d build/pic32mx_sk/production/_ext/1653354328/sys_ports.o
 .comment       0x00000000       0x3d build/pic32mx_sk/production/_ext/427228813/heap_1.o
 .comment       0x00000000       0x3d build/pic32mx_sk/production/_ext/1811092416/heap_4.o
 .comment       0x00000000       0x3d build/pic32mx_sk/production/_ext/789006650/port.o
 .comment       0x00000000       0x3d build/pic32mx_sk/production/_ext/161854096/croutine.o
 .comment       0x00000000       0x3d build/pic32mx_sk/production/_ext/161854096/list.o
 .comment       0x00000000       0x3d build/pic32mx_sk/production/_ext/161854096/queue.o
 .comment       0x00000000       0x3d build/pic32mx_sk/production/_ext/161854096/tasks.o
 .comment       0x00000000       0x3d build/pic32mx_sk/production/_ext/161854096/timers.o
 .comment       0x00000000       0x3d build/pic32mx_sk/production/_ext/161854096/event_groups.o
 .comment       0x00000000       0x3d c:/program files (x86)/microchip/xc32/v1.42/bin/bin/../../lib/gcc/pic32mx/4.8.3\libgcc.a(floatunsisf.o)
 .comment       0x0000003c       0x18 c:/program files (x86)/microchip/xc32/v1.42/bin/bin/../../lib/gcc/pic32mx/4.8.3/../../../../pic32mx/lib\libpic32.a(memset.o)
                                 0x19 (size before relaxing)
 .comment       0x00000054       0x19 c:/program files (x86)/microchip/xc32/v1.42/bin/bin/../../lib/gcc/pic32mx/4.8.3/../../../../pic32mx/lib\libpic32.a(strlen.o)
                                 0x1a (size before relaxing)
 .comment       0x00000000       0x3d c:/program files (x86)/microchip/xc32/v1.42/bin/bin/../../lib/gcc/pic32mx/4.8.3/../../../../pic32mx/lib\libpic32.a(default-bootstrap-exception-handler.o)
 .comment       0x00000000       0x3d c:/program files (x86)/microchip/xc32/v1.42/bin/bin/../../lib/gcc/pic32mx/4.8.3/../../../../pic32mx/lib\libpic32.a(default-on-reset.o)
 .comment       0x00000000       0x3d c:/program files (x86)/microchip/xc32/v1.42/bin/bin/../../lib/gcc/pic32mx/4.8.3/../../../../pic32mx/lib\libpic32.a(default-on-bootstrap.o)
 .comment       0x00000000       0x3d c:/program files (x86)/microchip/xc32/v1.42/bin/bin/../../lib/gcc/pic32mx/4.8.3/../../../../pic32mx/lib\libpic32.a(defaultinterrupt.o)
 .comment       0x00000000       0x3d c:/program files (x86)/microchip/xc32/v1.42/bin/bin/../../lib/gcc/pic32mx/4.8.3/../../../../pic32mx/lib\libc.a(itoa.o)
 .comment       0x00000000       0x3d c:/program files (x86)/microchip/xc32/v1.42/bin/bin/../../lib/gcc/pic32mx/4.8.3/../../../../pic32mx/lib\libc.a(puts.o)
 .comment       0x00000000       0x3d c:/program files (x86)/microchip/xc32/v1.42/bin/bin/../../lib/gcc/pic32mx/4.8.3/../../../../pic32mx/lib\libc.a(printf_cdnopuxX.eo)
 .comment       0x00000000       0x3d c:/program files (x86)/microchip/xc32/v1.42/bin/bin/../../lib/gcc/pic32mx/4.8.3/../../../../pic32mx/lib\libc.a(sprintf_fF.eo)
 .comment       0x00000000       0x3d c:/program files (x86)/microchip/xc32/v1.42/bin/bin/../../lib/gcc/pic32mx/4.8.3/../../../../pic32mx/lib\libc.a(_iob.o)
 .comment       0x00000000       0x3d c:/program files (x86)/microchip/xc32/v1.42/bin/bin/../../lib/gcc/pic32mx/4.8.3/../../../../pic32mx/lib\libc.a(_fputc_simple.o)
 .comment       0x00000000       0x3d c:/program files (x86)/microchip/xc32/v1.42/bin/bin/../../lib/gcc/pic32mx/4.8.3/../../../../pic32mx/lib\libc.a(_flsbuf_simple.o)
 .comment       0x0000006d       0x4e c:/program files (x86)/microchip/xc32/v1.42/bin/bin/../../lib/gcc/pic32mx/4.8.3/../../../../pic32mx/lib\libc.a(ctype.o)
                                 0x8b (size before relaxing)
 .comment       0x00000000       0x3d c:/program files (x86)/microchip/xc32/v1.42/bin/bin/../../lib/gcc/pic32mx/4.8.3/../../../../pic32mx/lib\libc.a(powersf.o)
 .comment       0x00000000       0x3d c:/program files (x86)/microchip/xc32/v1.42/bin/bin/../../lib/gcc/pic32mx/4.8.3/../../../../pic32mx/lib\libc.a(doprnt_cdfFnopuxX.eo)
 .comment       0x00000000       0x3d c:/program files (x86)/microchip/xc32/v1.42/bin/bin/../../lib/gcc/pic32mx/4.8.3/../../../../pic32mx/lib\libpic32.a(write.o)
 .comment       0x00000000       0x3d c:/program files (x86)/microchip/xc32/v1.42/bin/bin/../../lib/gcc/pic32mx/4.8.3/../../../../pic32mx/lib\libpic32.a(_mon_putc.o)
 .comment       0x00000000       0x3d c:/program files (x86)/microchip/xc32/v1.42/bin/bin/../../lib/gcc/pic32mx/4.8.3/../../../../pic32mx/lib\libpic32.a(xc32_uart.o)
 .comment       0x000000bb       0x9e c:/program files (x86)/microchip/xc32/v1.42/bin/bin/../../lib/gcc/pic32mx/4.8.3/../../../../pic32mx/lib\libe.a(_floatdisf.o)
                                 0xdb (size before relaxing)
 .comment       0x00000000       0x3d c:/program files (x86)/microchip/xc32/v1.42/bin/bin/../../lib/gcc/pic32mx/4.8.3\libgcc.a(_udivdi3.o)
 .comment       0x00000000       0x3d c:/program files (x86)/microchip/xc32/v1.42/bin/bin/../../lib/gcc/pic32mx/4.8.3\libgcc.a(_umoddi3.o)

.debug
 *(.debug)

.line
 *(.line)

.debug_srcinfo
 *(.debug_srcinfo)

.debug_sfnames
 *(.debug_sfnames)

.debug_aranges  0x00000000      0xc38
 *(.debug_aranges)
 .debug_aranges
                0x00000000       0x38 build/pic32mx_sk/production/_ext/1360937237/drv_usart_static.o
 .debug_aranges
                0x00000038       0x38 build/pic32mx_sk/production/_ext/1458591747/sys_clk_static.o
 .debug_aranges
                0x00000070       0x20 build/pic32mx_sk/production/_ext/1255054701/sys_ports_static.o
 .debug_aranges
                0x00000090       0x20 build/pic32mx_sk/production/_ext/351744058/system_init.o
 .debug_aranges
                0x000000b0       0x20 build/pic32mx_sk/production/_ext/351744058/system_interrupt.o
 .debug_aranges
                0x000000d0       0x70 build/pic32mx_sk/production/_ext/351744058/system_tasks.o
 .debug_aranges
                0x00000140       0x40 build/pic32mx_sk/production/_ext/351744058/rtos_hooks.o
 .debug_aranges
                0x00000180       0x30 build/pic32mx_sk/production/_ext/1360937237/app.o
 .debug_aranges
                0x000001b0       0x28 build/pic32mx_sk/production/_ext/1360937237/app1.o
 .debug_aranges
                0x000001d8       0x28 build/pic32mx_sk/production/_ext/1360937237/app2.o
 .debug_aranges
                0x00000200       0x28 build/pic32mx_sk/production/_ext/1360937237/app3.o
 .debug_aranges
                0x00000228       0x20 build/pic32mx_sk/production/_ext/1360937237/main.o
 .debug_aranges
                0x00000248       0x28 build/pic32mx_sk/production/_ext/1360937237/key.o
 .debug_aranges
                0x00000270       0x28 build/pic32mx_sk/production/_ext/1360937237/adc.o
 .debug_aranges
                0x00000298       0x30 build/pic32mx_sk/production/_ext/1360937237/buzzer.o
 .debug_aranges
                0x000002c8       0x28 build/pic32mx_sk/production/_ext/1360937237/print.o
 .debug_aranges
                0x000002f0       0xc0 build/pic32mx_sk/production/_ext/1360937237/time.o
 .debug_aranges
                0x000003b0       0x50 build/pic32mx_sk/production/_ext/1979166340/bsp_sys_init.o
 .debug_aranges
                0x00000400       0x88 build/pic32mx_sk/production/_ext/2067596619/osal_freertos.o
 .debug_aranges
                0x00000488       0x78 build/pic32mx_sk/production/_ext/912498863/sys_devcon.o
 .debug_aranges
                0x00000500       0x20 build/pic32mx_sk/production/_ext/912498863/sys_devcon_pic32mx.o
 .debug_aranges
                0x00000520       0x38 build/pic32mx_sk/production/_ext/711155467/sys_int_pic32.o
 .debug_aranges
                0x00000558       0xf8 build/pic32mx_sk/production/_ext/1653354328/sys_ports.o
 .debug_aranges
                0x00000650       0x48 build/pic32mx_sk/production/_ext/1811092416/heap_4.o
 .debug_aranges
                0x00000698       0x58 build/pic32mx_sk/production/_ext/789006650/port.o
 .debug_aranges
                0x000006f0       0x20 build/pic32mx_sk/production/_ext/789006650/port_asm.o
 .debug_aranges
                0x00000710       0x18 build/pic32mx_sk/production/_ext/161854096/croutine.o
 .debug_aranges
                0x00000728       0x40 build/pic32mx_sk/production/_ext/161854096/list.o
 .debug_aranges
                0x00000768       0xb0 build/pic32mx_sk/production/_ext/161854096/queue.o
 .debug_aranges
                0x00000818      0x170 build/pic32mx_sk/production/_ext/161854096/tasks.o
 .debug_aranges
                0x00000988       0x18 build/pic32mx_sk/production/_ext/161854096/timers.o
 .debug_aranges
                0x000009a0       0x60 build/pic32mx_sk/production/_ext/161854096/event_groups.o
 .debug_aranges
                0x00000a00       0x20 c:/program files (x86)/microchip/xc32/v1.42/bin/bin/../../lib/gcc/pic32mx/4.8.3\libgcc.a(floatunsisf.o)
 .debug_aranges
                0x00000a20       0x20 c:/program files (x86)/microchip/xc32/v1.42/bin/bin/../../lib/gcc/pic32mx/4.8.3/../../../../pic32mx/lib\libpic32.a(default-bootstrap-exception-handler.o)
 .debug_aranges
                0x00000a40       0x20 c:/program files (x86)/microchip/xc32/v1.42/bin/bin/../../lib/gcc/pic32mx/4.8.3/../../../../pic32mx/lib\libpic32.a(default-on-reset.o)
 .debug_aranges
                0x00000a60       0x20 c:/program files (x86)/microchip/xc32/v1.42/bin/bin/../../lib/gcc/pic32mx/4.8.3/../../../../pic32mx/lib\libpic32.a(default-on-bootstrap.o)
 .debug_aranges
                0x00000a80       0x20 c:/program files (x86)/microchip/xc32/v1.42/bin/bin/../../lib/gcc/pic32mx/4.8.3/../../../../pic32mx/lib\libpic32.a(defaultinterrupt.o)
 .debug_aranges
                0x00000aa0       0x28 c:/program files (x86)/microchip/xc32/v1.42/bin/bin/../../lib/gcc/pic32mx/4.8.3/../../../../pic32mx/lib\libc.a(itoa.o)
 .debug_aranges
                0x00000ac8       0x28 c:/program files (x86)/microchip/xc32/v1.42/bin/bin/../../lib/gcc/pic32mx/4.8.3/../../../../pic32mx/lib\libc.a(puts.o)
 .debug_aranges
                0x00000af0       0x20 c:/program files (x86)/microchip/xc32/v1.42/bin/bin/../../lib/gcc/pic32mx/4.8.3/../../../../pic32mx/lib\libc.a(printf_cdnopuxX.eo)
 .debug_aranges
                0x00000b10       0x20 c:/program files (x86)/microchip/xc32/v1.42/bin/bin/../../lib/gcc/pic32mx/4.8.3/../../../../pic32mx/lib\libc.a(sprintf_fF.eo)
 .debug_aranges
                0x00000b30       0x20 c:/program files (x86)/microchip/xc32/v1.42/bin/bin/../../lib/gcc/pic32mx/4.8.3/../../../../pic32mx/lib\libc.a(_fputc_simple.o)
 .debug_aranges
                0x00000b50       0x20 c:/program files (x86)/microchip/xc32/v1.42/bin/bin/../../lib/gcc/pic32mx/4.8.3/../../../../pic32mx/lib\libc.a(_flsbuf_simple.o)
 .debug_aranges
                0x00000b70       0x28 c:/program files (x86)/microchip/xc32/v1.42/bin/bin/../../lib/gcc/pic32mx/4.8.3/../../../../pic32mx/lib\libc.a(doprnt_cdfFnopuxX.eo)
 .debug_aranges
                0x00000b98       0x20 c:/program files (x86)/microchip/xc32/v1.42/bin/bin/../../lib/gcc/pic32mx/4.8.3/../../../../pic32mx/lib\libpic32.a(write.o)
 .debug_aranges
                0x00000bb8       0x20 c:/program files (x86)/microchip/xc32/v1.42/bin/bin/../../lib/gcc/pic32mx/4.8.3/../../../../pic32mx/lib\libpic32.a(_mon_putc.o)
 .debug_aranges
                0x00000bd8       0x20 c:/program files (x86)/microchip/xc32/v1.42/bin/bin/../../lib/gcc/pic32mx/4.8.3/../../../../pic32mx/lib\libe.a(_floatdisf.o)
 .debug_aranges
                0x00000bf8       0x20 c:/program files (x86)/microchip/xc32/v1.42/bin/bin/../../lib/gcc/pic32mx/4.8.3\libgcc.a(_udivdi3.o)
 .debug_aranges
                0x00000c18       0x20 c:/program files (x86)/microchip/xc32/v1.42/bin/bin/../../lib/gcc/pic32mx/4.8.3\libgcc.a(_umoddi3.o)

.debug_pubnames
 *(.debug_pubnames)

.debug_info     0x00000000    0x245ef
 *(.debug_info .gnu.linkonce.wi.*)
 .debug_info    0x00000000     0x1fc0 build/pic32mx_sk/production/_ext/1360937237/drv_usart_static.o
 .debug_info    0x00001fc0      0xdfc build/pic32mx_sk/production/_ext/1458591747/sys_clk_static.o
 .debug_info    0x00002dbc      0xfc5 build/pic32mx_sk/production/_ext/1255054701/sys_ports_static.o
 .debug_info    0x00003d81      0xc4c build/pic32mx_sk/production/_ext/351744058/system_init.o
 .debug_info    0x000049cd      0x4b8 build/pic32mx_sk/production/_ext/351744058/system_interrupt.o
 .debug_info    0x00004e85      0xe34 build/pic32mx_sk/production/_ext/351744058/system_tasks.o
 .debug_info    0x00005cb9      0x7e9 build/pic32mx_sk/production/_ext/351744058/rtos_hooks.o
 .debug_info    0x000064a2      0xc07 build/pic32mx_sk/production/_ext/1360937237/app.o
 .debug_info    0x000070a9      0x674 build/pic32mx_sk/production/_ext/1360937237/app1.o
 .debug_info    0x0000771d      0x674 build/pic32mx_sk/production/_ext/1360937237/app2.o
 .debug_info    0x00007d91      0x619 build/pic32mx_sk/production/_ext/1360937237/app3.o
 .debug_info    0x000083aa      0x1c9 build/pic32mx_sk/production/_ext/1360937237/main.o
 .debug_info    0x00008573     0x2255 build/pic32mx_sk/production/_ext/1360937237/key.o
 .debug_info    0x0000a7c8     0x2d5a build/pic32mx_sk/production/_ext/1360937237/adc.o
 .debug_info    0x0000d522     0x19ce build/pic32mx_sk/production/_ext/1360937237/buzzer.o
 .debug_info    0x0000eef0      0x763 build/pic32mx_sk/production/_ext/1360937237/print.o
 .debug_info    0x0000f653     0x33f1 build/pic32mx_sk/production/_ext/1360937237/time.o
 .debug_info    0x00012a44      0xec6 build/pic32mx_sk/production/_ext/1979166340/bsp_sys_init.o
 .debug_info    0x0001390a      0xaaf build/pic32mx_sk/production/_ext/2067596619/osal_freertos.o
 .debug_info    0x000143b9     0x1464 build/pic32mx_sk/production/_ext/912498863/sys_devcon.o
 .debug_info    0x0001581d     0x1025 build/pic32mx_sk/production/_ext/912498863/sys_devcon_pic32mx.o
 .debug_info    0x00016842     0x1658 build/pic32mx_sk/production/_ext/711155467/sys_int_pic32.o
 .debug_info    0x00017e9a     0x3260 build/pic32mx_sk/production/_ext/1653354328/sys_ports.o
 .debug_info    0x0001b0fa      0x6f5 build/pic32mx_sk/production/_ext/1811092416/heap_4.o
 .debug_info    0x0001b7ef     0x122d build/pic32mx_sk/production/_ext/789006650/port.o
 .debug_info    0x0001ca1c       0xe2 build/pic32mx_sk/production/_ext/789006650/port_asm.o
 .debug_info    0x0001cafe      0x194 build/pic32mx_sk/production/_ext/161854096/croutine.o
 .debug_info    0x0001cc92      0x484 build/pic32mx_sk/production/_ext/161854096/list.o
 .debug_info    0x0001d116     0x1aca build/pic32mx_sk/production/_ext/161854096/queue.o
 .debug_info    0x0001ebe0     0x2d7d build/pic32mx_sk/production/_ext/161854096/tasks.o
 .debug_info    0x0002195d      0x192 build/pic32mx_sk/production/_ext/161854096/timers.o
 .debug_info    0x00021aef      0xede build/pic32mx_sk/production/_ext/161854096/event_groups.o
 .debug_info    0x000229cd      0x131 c:/program files (x86)/microchip/xc32/v1.42/bin/bin/../../lib/gcc/pic32mx/4.8.3\libgcc.a(floatunsisf.o)
 .debug_info    0x00022afe       0xf5 c:/program files (x86)/microchip/xc32/v1.42/bin/bin/../../lib/gcc/pic32mx/4.8.3/../../../../pic32mx/lib\libpic32.a(default-bootstrap-exception-handler.o)
 .debug_info    0x00022bf3       0xcf c:/program files (x86)/microchip/xc32/v1.42/bin/bin/../../lib/gcc/pic32mx/4.8.3/../../../../pic32mx/lib\libpic32.a(default-on-reset.o)
 .debug_info    0x00022cc2       0xd7 c:/program files (x86)/microchip/xc32/v1.42/bin/bin/../../lib/gcc/pic32mx/4.8.3/../../../../pic32mx/lib\libpic32.a(default-on-bootstrap.o)
 .debug_info    0x00022d99       0xe9 c:/program files (x86)/microchip/xc32/v1.42/bin/bin/../../lib/gcc/pic32mx/4.8.3/../../../../pic32mx/lib\libpic32.a(defaultinterrupt.o)
 .debug_info    0x00022e82       0xde c:/program files (x86)/microchip/xc32/v1.42/bin/bin/../../lib/gcc/pic32mx/4.8.3/../../../../pic32mx/lib\libc.a(itoa.o)
 .debug_info    0x00022f60       0xd9 c:/program files (x86)/microchip/xc32/v1.42/bin/bin/../../lib/gcc/pic32mx/4.8.3/../../../../pic32mx/lib\libc.a(puts.o)
 .debug_info    0x00023039       0xd2 c:/program files (x86)/microchip/xc32/v1.42/bin/bin/../../lib/gcc/pic32mx/4.8.3/../../../../pic32mx/lib\libc.a(printf_cdnopuxX.eo)
 .debug_info    0x0002310b       0xce c:/program files (x86)/microchip/xc32/v1.42/bin/bin/../../lib/gcc/pic32mx/4.8.3/../../../../pic32mx/lib\libc.a(sprintf_fF.eo)
 .debug_info    0x000231d9       0xc6 c:/program files (x86)/microchip/xc32/v1.42/bin/bin/../../lib/gcc/pic32mx/4.8.3/../../../../pic32mx/lib\libc.a(_fputc_simple.o)
 .debug_info    0x0002329f       0xc9 c:/program files (x86)/microchip/xc32/v1.42/bin/bin/../../lib/gcc/pic32mx/4.8.3/../../../../pic32mx/lib\libc.a(_flsbuf_simple.o)
 .debug_info    0x00023368       0xfe c:/program files (x86)/microchip/xc32/v1.42/bin/bin/../../lib/gcc/pic32mx/4.8.3/../../../../pic32mx/lib\libc.a(doprnt_cdfFnopuxX.eo)
 .debug_info    0x00023466       0xc0 c:/program files (x86)/microchip/xc32/v1.42/bin/bin/../../lib/gcc/pic32mx/4.8.3/../../../../pic32mx/lib\libpic32.a(write.o)
 .debug_info    0x00023526       0xc8 c:/program files (x86)/microchip/xc32/v1.42/bin/bin/../../lib/gcc/pic32mx/4.8.3/../../../../pic32mx/lib\libpic32.a(_mon_putc.o)
 .debug_info    0x000235ee       0xde c:/program files (x86)/microchip/xc32/v1.42/bin/bin/../../lib/gcc/pic32mx/4.8.3/../../../../pic32mx/lib\libe.a(_floatdisf.o)
 .debug_info    0x000236cc      0x773 c:/program files (x86)/microchip/xc32/v1.42/bin/bin/../../lib/gcc/pic32mx/4.8.3\libgcc.a(_udivdi3.o)
 .debug_info    0x00023e3f      0x7b0 c:/program files (x86)/microchip/xc32/v1.42/bin/bin/../../lib/gcc/pic32mx/4.8.3\libgcc.a(_umoddi3.o)

.debug_abbrev   0x00000000     0x3ac2
 *(.debug_abbrev)
 .debug_abbrev  0x00000000      0x1d8 build/pic32mx_sk/production/_ext/1360937237/drv_usart_static.o
 .debug_abbrev  0x000001d8      0x21a build/pic32mx_sk/production/_ext/1458591747/sys_clk_static.o
 .debug_abbrev  0x000003f2      0x12f build/pic32mx_sk/production/_ext/1255054701/sys_ports_static.o
 .debug_abbrev  0x00000521      0x201 build/pic32mx_sk/production/_ext/351744058/system_init.o
 .debug_abbrev  0x00000722       0x62 build/pic32mx_sk/production/_ext/351744058/system_interrupt.o
 .debug_abbrev  0x00000784      0x177 build/pic32mx_sk/production/_ext/351744058/system_tasks.o
 .debug_abbrev  0x000008fb      0x117 build/pic32mx_sk/production/_ext/351744058/rtos_hooks.o
 .debug_abbrev  0x00000a12      0x1f9 build/pic32mx_sk/production/_ext/1360937237/app.o
 .debug_abbrev  0x00000c0b       0xf3 build/pic32mx_sk/production/_ext/1360937237/app1.o
 .debug_abbrev  0x00000cfe       0xf3 build/pic32mx_sk/production/_ext/1360937237/app2.o
 .debug_abbrev  0x00000df1       0xa1 build/pic32mx_sk/production/_ext/1360937237/app3.o
 .debug_abbrev  0x00000e92       0x93 build/pic32mx_sk/production/_ext/1360937237/main.o
 .debug_abbrev  0x00000f25      0x229 build/pic32mx_sk/production/_ext/1360937237/key.o
 .debug_abbrev  0x0000114e      0x270 build/pic32mx_sk/production/_ext/1360937237/adc.o
 .debug_abbrev  0x000013be      0x23e build/pic32mx_sk/production/_ext/1360937237/buzzer.o
 .debug_abbrev  0x000015fc      0x15b build/pic32mx_sk/production/_ext/1360937237/print.o
 .debug_abbrev  0x00001757      0x3b5 build/pic32mx_sk/production/_ext/1360937237/time.o
 .debug_abbrev  0x00001b0c      0x18d build/pic32mx_sk/production/_ext/1979166340/bsp_sys_init.o
 .debug_abbrev  0x00001c99      0x1fe build/pic32mx_sk/production/_ext/2067596619/osal_freertos.o
 .debug_abbrev  0x00001e97      0x29e build/pic32mx_sk/production/_ext/912498863/sys_devcon.o
 .debug_abbrev  0x00002135      0x18b build/pic32mx_sk/production/_ext/912498863/sys_devcon_pic32mx.o
 .debug_abbrev  0x000022c0      0x1a7 build/pic32mx_sk/production/_ext/711155467/sys_int_pic32.o
 .debug_abbrev  0x00002467      0x219 build/pic32mx_sk/production/_ext/1653354328/sys_ports.o
 .debug_abbrev  0x00002680      0x20c build/pic32mx_sk/production/_ext/1811092416/heap_4.o
 .debug_abbrev  0x0000288c      0x2e3 build/pic32mx_sk/production/_ext/789006650/port.o
 .debug_abbrev  0x00002b6f       0x14 build/pic32mx_sk/production/_ext/789006650/port_asm.o
 .debug_abbrev  0x00002b83       0x1b build/pic32mx_sk/production/_ext/161854096/croutine.o
 .debug_abbrev  0x00002b9e       0xf1 build/pic32mx_sk/production/_ext/161854096/list.o
 .debug_abbrev  0x00002c8f      0x2a6 build/pic32mx_sk/production/_ext/161854096/queue.o
 .debug_abbrev  0x00002f35      0x37e build/pic32mx_sk/production/_ext/161854096/tasks.o
 .debug_abbrev  0x000032b3       0x1b build/pic32mx_sk/production/_ext/161854096/timers.o
 .debug_abbrev  0x000032ce      0x29a build/pic32mx_sk/production/_ext/161854096/event_groups.o
 .debug_abbrev  0x00003568       0x62 c:/program files (x86)/microchip/xc32/v1.42/bin/bin/../../lib/gcc/pic32mx/4.8.3\libgcc.a(floatunsisf.o)
 .debug_abbrev  0x000035ca       0x28 c:/program files (x86)/microchip/xc32/v1.42/bin/bin/../../lib/gcc/pic32mx/4.8.3/../../../../pic32mx/lib\libpic32.a(default-bootstrap-exception-handler.o)
 .debug_abbrev  0x000035f2       0x28 c:/program files (x86)/microchip/xc32/v1.42/bin/bin/../../lib/gcc/pic32mx/4.8.3/../../../../pic32mx/lib\libpic32.a(default-on-reset.o)
 .debug_abbrev  0x0000361a       0x28 c:/program files (x86)/microchip/xc32/v1.42/bin/bin/../../lib/gcc/pic32mx/4.8.3/../../../../pic32mx/lib\libpic32.a(default-on-bootstrap.o)
 .debug_abbrev  0x00003642       0x28 c:/program files (x86)/microchip/xc32/v1.42/bin/bin/../../lib/gcc/pic32mx/4.8.3/../../../../pic32mx/lib\libpic32.a(defaultinterrupt.o)
 .debug_abbrev  0x0000366a       0x47 c:/program files (x86)/microchip/xc32/v1.42/bin/bin/../../lib/gcc/pic32mx/4.8.3/../../../../pic32mx/lib\libc.a(itoa.o)
 .debug_abbrev  0x000036b1       0x28 c:/program files (x86)/microchip/xc32/v1.42/bin/bin/../../lib/gcc/pic32mx/4.8.3/../../../../pic32mx/lib\libc.a(puts.o)
 .debug_abbrev  0x000036d9       0x28 c:/program files (x86)/microchip/xc32/v1.42/bin/bin/../../lib/gcc/pic32mx/4.8.3/../../../../pic32mx/lib\libc.a(printf_cdnopuxX.eo)
 .debug_abbrev  0x00003701       0x28 c:/program files (x86)/microchip/xc32/v1.42/bin/bin/../../lib/gcc/pic32mx/4.8.3/../../../../pic32mx/lib\libc.a(sprintf_fF.eo)
 .debug_abbrev  0x00003729       0x28 c:/program files (x86)/microchip/xc32/v1.42/bin/bin/../../lib/gcc/pic32mx/4.8.3/../../../../pic32mx/lib\libc.a(_fputc_simple.o)
 .debug_abbrev  0x00003751       0x28 c:/program files (x86)/microchip/xc32/v1.42/bin/bin/../../lib/gcc/pic32mx/4.8.3/../../../../pic32mx/lib\libc.a(_flsbuf_simple.o)
 .debug_abbrev  0x00003779       0x45 c:/program files (x86)/microchip/xc32/v1.42/bin/bin/../../lib/gcc/pic32mx/4.8.3/../../../../pic32mx/lib\libc.a(doprnt_cdfFnopuxX.eo)
 .debug_abbrev  0x000037be       0x28 c:/program files (x86)/microchip/xc32/v1.42/bin/bin/../../lib/gcc/pic32mx/4.8.3/../../../../pic32mx/lib\libpic32.a(write.o)
 .debug_abbrev  0x000037e6       0x28 c:/program files (x86)/microchip/xc32/v1.42/bin/bin/../../lib/gcc/pic32mx/4.8.3/../../../../pic32mx/lib\libpic32.a(_mon_putc.o)
 .debug_abbrev  0x0000380e       0x35 c:/program files (x86)/microchip/xc32/v1.42/bin/bin/../../lib/gcc/pic32mx/4.8.3/../../../../pic32mx/lib\libe.a(_floatdisf.o)
 .debug_abbrev  0x00003843      0x138 c:/program files (x86)/microchip/xc32/v1.42/bin/bin/../../lib/gcc/pic32mx/4.8.3\libgcc.a(_udivdi3.o)
 .debug_abbrev  0x0000397b      0x147 c:/program files (x86)/microchip/xc32/v1.42/bin/bin/../../lib/gcc/pic32mx/4.8.3\libgcc.a(_umoddi3.o)

.debug_line     0x00000000     0x8e1d
 *(.debug_line)
 .debug_line    0x00000000      0x5a5 build/pic32mx_sk/production/_ext/1360937237/drv_usart_static.o
 .debug_line    0x000005a5      0x41b build/pic32mx_sk/production/_ext/1458591747/sys_clk_static.o
 .debug_line    0x000009c0      0x3db build/pic32mx_sk/production/_ext/1255054701/sys_ports_static.o
 .debug_line    0x00000d9b      0x4f2 build/pic32mx_sk/production/_ext/351744058/system_init.o
 .debug_line    0x0000128d      0x107 build/pic32mx_sk/production/_ext/351744058/system_interrupt.o
 .debug_line    0x00001394      0x489 build/pic32mx_sk/production/_ext/351744058/system_tasks.o
 .debug_line    0x0000181d      0x2f5 build/pic32mx_sk/production/_ext/351744058/rtos_hooks.o
 .debug_line    0x00001b12      0x42d build/pic32mx_sk/production/_ext/1360937237/app.o
 .debug_line    0x00001f3f      0x29f build/pic32mx_sk/production/_ext/1360937237/app1.o
 .debug_line    0x000021de      0x29f build/pic32mx_sk/production/_ext/1360937237/app2.o
 .debug_line    0x0000247d      0x16b build/pic32mx_sk/production/_ext/1360937237/app3.o
 .debug_line    0x000025e8       0xe9 build/pic32mx_sk/production/_ext/1360937237/main.o
 .debug_line    0x000026d1      0x57c build/pic32mx_sk/production/_ext/1360937237/key.o
 .debug_line    0x00002c4d      0x772 build/pic32mx_sk/production/_ext/1360937237/adc.o
 .debug_line    0x000033bf      0x64a build/pic32mx_sk/production/_ext/1360937237/buzzer.o
 .debug_line    0x00003a09      0x327 build/pic32mx_sk/production/_ext/1360937237/print.o
 .debug_line    0x00003d30      0xbba build/pic32mx_sk/production/_ext/1360937237/time.o
 .debug_line    0x000048ea      0x352 build/pic32mx_sk/production/_ext/1979166340/bsp_sys_init.o
 .debug_line    0x00004c3c      0x2fb build/pic32mx_sk/production/_ext/2067596619/osal_freertos.o
 .debug_line    0x00004f37      0x6ee build/pic32mx_sk/production/_ext/912498863/sys_devcon.o
 .debug_line    0x00005625      0x508 build/pic32mx_sk/production/_ext/912498863/sys_devcon_pic32mx.o
 .debug_line    0x00005b2d      0x380 build/pic32mx_sk/production/_ext/711155467/sys_int_pic32.o
 .debug_line    0x00005ead      0x936 build/pic32mx_sk/production/_ext/1653354328/sys_ports.o
 .debug_line    0x000067e3        0x0 build/pic32mx_sk/production/_ext/427228813/heap_1.o
 .debug_line    0x000067e3      0x303 build/pic32mx_sk/production/_ext/1811092416/heap_4.o
 .debug_line    0x00006ae6      0x2ee build/pic32mx_sk/production/_ext/789006650/port.o
 .debug_line    0x00006dd4      0x108 build/pic32mx_sk/production/_ext/789006650/port_asm.o
 .debug_line    0x00006edc       0x1d build/pic32mx_sk/production/_ext/161854096/croutine.o
 .debug_line    0x00006ef9      0x21e build/pic32mx_sk/production/_ext/161854096/list.o
 .debug_line    0x00007117      0x59f build/pic32mx_sk/production/_ext/161854096/queue.o
 .debug_line    0x000076b6      0x8d7 build/pic32mx_sk/production/_ext/161854096/tasks.o
 .debug_line    0x00007f8d       0x1d build/pic32mx_sk/production/_ext/161854096/timers.o
 .debug_line    0x00007faa      0x3fd build/pic32mx_sk/production/_ext/161854096/event_groups.o
 .debug_line    0x000083a7       0x9c c:/program files (x86)/microchip/xc32/v1.42/bin/bin/../../lib/gcc/pic32mx/4.8.3\libgcc.a(floatunsisf.o)
 .debug_line    0x00008443       0xa9 c:/program files (x86)/microchip/xc32/v1.42/bin/bin/../../lib/gcc/pic32mx/4.8.3/../../../../pic32mx/lib\libpic32.a(default-bootstrap-exception-handler.o)
 .debug_line    0x000084ec       0x96 c:/program files (x86)/microchip/xc32/v1.42/bin/bin/../../lib/gcc/pic32mx/4.8.3/../../../../pic32mx/lib\libpic32.a(default-on-reset.o)
 .debug_line    0x00008582       0x9a c:/program files (x86)/microchip/xc32/v1.42/bin/bin/../../lib/gcc/pic32mx/4.8.3/../../../../pic32mx/lib\libpic32.a(default-on-bootstrap.o)
 .debug_line    0x0000861c       0xa8 c:/program files (x86)/microchip/xc32/v1.42/bin/bin/../../lib/gcc/pic32mx/4.8.3/../../../../pic32mx/lib\libpic32.a(defaultinterrupt.o)
 .debug_line    0x000086c4       0x80 c:/program files (x86)/microchip/xc32/v1.42/bin/bin/../../lib/gcc/pic32mx/4.8.3/../../../../pic32mx/lib\libc.a(itoa.o)
 .debug_line    0x00008744       0x80 c:/program files (x86)/microchip/xc32/v1.42/bin/bin/../../lib/gcc/pic32mx/4.8.3/../../../../pic32mx/lib\libc.a(puts.o)
 .debug_line    0x000087c4       0x82 c:/program files (x86)/microchip/xc32/v1.42/bin/bin/../../lib/gcc/pic32mx/4.8.3/../../../../pic32mx/lib\libc.a(printf_cdnopuxX.eo)
 .debug_line    0x00008846       0x83 c:/program files (x86)/microchip/xc32/v1.42/bin/bin/../../lib/gcc/pic32mx/4.8.3/../../../../pic32mx/lib\libc.a(sprintf_fF.eo)
 .debug_line    0x000088c9        0x0 c:/program files (x86)/microchip/xc32/v1.42/bin/bin/../../lib/gcc/pic32mx/4.8.3/../../../../pic32mx/lib\libc.a(_iob.o)
 .debug_line    0x000088c9       0x81 c:/program files (x86)/microchip/xc32/v1.42/bin/bin/../../lib/gcc/pic32mx/4.8.3/../../../../pic32mx/lib\libc.a(_fputc_simple.o)
 .debug_line    0x0000894a       0x82 c:/program files (x86)/microchip/xc32/v1.42/bin/bin/../../lib/gcc/pic32mx/4.8.3/../../../../pic32mx/lib\libc.a(_flsbuf_simple.o)
 .debug_line    0x000089cc        0x0 c:/program files (x86)/microchip/xc32/v1.42/bin/bin/../../lib/gcc/pic32mx/4.8.3/../../../../pic32mx/lib\libc.a(ctype.o)
 .debug_line    0x000089cc        0x0 c:/program files (x86)/microchip/xc32/v1.42/bin/bin/../../lib/gcc/pic32mx/4.8.3/../../../../pic32mx/lib\libc.a(powersf.o)
 .debug_line    0x000089cc       0x82 c:/program files (x86)/microchip/xc32/v1.42/bin/bin/../../lib/gcc/pic32mx/4.8.3/../../../../pic32mx/lib\libc.a(doprnt_cdfFnopuxX.eo)
 .debug_line    0x00008a4e       0x8b c:/program files (x86)/microchip/xc32/v1.42/bin/bin/../../lib/gcc/pic32mx/4.8.3/../../../../pic32mx/lib\libpic32.a(write.o)
 .debug_line    0x00008ad9       0x8f c:/program files (x86)/microchip/xc32/v1.42/bin/bin/../../lib/gcc/pic32mx/4.8.3/../../../../pic32mx/lib\libpic32.a(_mon_putc.o)
 .debug_line    0x00008b68        0x0 c:/program files (x86)/microchip/xc32/v1.42/bin/bin/../../lib/gcc/pic32mx/4.8.3/../../../../pic32mx/lib\libpic32.a(xc32_uart.o)
 .debug_line    0x00008b68       0xa5 c:/program files (x86)/microchip/xc32/v1.42/bin/bin/../../lib/gcc/pic32mx/4.8.3/../../../../pic32mx/lib\libe.a(_floatdisf.o)
 .debug_line    0x00008c0d       0xff c:/program files (x86)/microchip/xc32/v1.42/bin/bin/../../lib/gcc/pic32mx/4.8.3\libgcc.a(_udivdi3.o)
 .debug_line    0x00008d0c      0x111 c:/program files (x86)/microchip/xc32/v1.42/bin/bin/../../lib/gcc/pic32mx/4.8.3\libgcc.a(_umoddi3.o)

.debug_frame    0x00000000     0x17b8
 *(.debug_frame)
 .debug_frame   0x00000000       0x58 build/pic32mx_sk/production/_ext/1360937237/drv_usart_static.o
 .debug_frame   0x00000058       0x58 build/pic32mx_sk/production/_ext/1458591747/sys_clk_static.o
 .debug_frame   0x000000b0       0x20 build/pic32mx_sk/production/_ext/1255054701/sys_ports_static.o
 .debug_frame   0x000000d0       0x28 build/pic32mx_sk/production/_ext/351744058/system_init.o
 .debug_frame   0x000000f8       0x20 build/pic32mx_sk/production/_ext/351744058/system_interrupt.o
 .debug_frame   0x00000118      0x118 build/pic32mx_sk/production/_ext/351744058/system_tasks.o
 .debug_frame   0x00000230       0x78 build/pic32mx_sk/production/_ext/351744058/rtos_hooks.o
 .debug_frame   0x000002a8       0x48 build/pic32mx_sk/production/_ext/1360937237/app.o
 .debug_frame   0x000002f0       0x38 build/pic32mx_sk/production/_ext/1360937237/app1.o
 .debug_frame   0x00000328       0x38 build/pic32mx_sk/production/_ext/1360937237/app2.o
 .debug_frame   0x00000360       0x30 build/pic32mx_sk/production/_ext/1360937237/app3.o
 .debug_frame   0x00000390       0x28 build/pic32mx_sk/production/_ext/1360937237/main.o
 .debug_frame   0x000003b8       0x44 build/pic32mx_sk/production/_ext/1360937237/key.o
 .debug_frame   0x000003fc       0x50 build/pic32mx_sk/production/_ext/1360937237/adc.o
 .debug_frame   0x0000044c       0x5c build/pic32mx_sk/production/_ext/1360937237/buzzer.o
 .debug_frame   0x000004a8       0x38 build/pic32mx_sk/production/_ext/1360937237/print.o
 .debug_frame   0x000004e0      0x1a4 build/pic32mx_sk/production/_ext/1360937237/time.o
 .debug_frame   0x00000684       0x80 build/pic32mx_sk/production/_ext/1979166340/bsp_sys_init.o
 .debug_frame   0x00000704      0x150 build/pic32mx_sk/production/_ext/2067596619/osal_freertos.o
 .debug_frame   0x00000854       0xe8 build/pic32mx_sk/production/_ext/912498863/sys_devcon.o
 .debug_frame   0x0000093c       0x28 build/pic32mx_sk/production/_ext/912498863/sys_devcon_pic32mx.o
 .debug_frame   0x00000964       0x58 build/pic32mx_sk/production/_ext/711155467/sys_int_pic32.o
 .debug_frame   0x000009bc      0x1d0 build/pic32mx_sk/production/_ext/1653354328/sys_ports.o
 .debug_frame   0x00000b8c       0x88 build/pic32mx_sk/production/_ext/1811092416/heap_4.o
 .debug_frame   0x00000c14       0xc8 build/pic32mx_sk/production/_ext/789006650/port.o
 .debug_frame   0x00000cdc       0x60 build/pic32mx_sk/production/_ext/161854096/list.o
 .debug_frame   0x00000d3c      0x22c build/pic32mx_sk/production/_ext/161854096/queue.o
 .debug_frame   0x00000f68      0x45c build/pic32mx_sk/production/_ext/161854096/tasks.o
 .debug_frame   0x000013c4      0x10c build/pic32mx_sk/production/_ext/161854096/event_groups.o
 .debug_frame   0x000014d0       0x28 c:/program files (x86)/microchip/xc32/v1.42/bin/bin/../../lib/gcc/pic32mx/4.8.3\libgcc.a(floatunsisf.o)
 .debug_frame   0x000014f8       0x2c c:/program files (x86)/microchip/xc32/v1.42/bin/bin/../../lib/gcc/pic32mx/4.8.3/../../../../pic32mx/lib\libpic32.a(default-bootstrap-exception-handler.o)
 .debug_frame   0x00001524       0x20 c:/program files (x86)/microchip/xc32/v1.42/bin/bin/../../lib/gcc/pic32mx/4.8.3/../../../../pic32mx/lib\libpic32.a(default-on-reset.o)
 .debug_frame   0x00001544       0x20 c:/program files (x86)/microchip/xc32/v1.42/bin/bin/../../lib/gcc/pic32mx/4.8.3/../../../../pic32mx/lib\libpic32.a(default-on-bootstrap.o)
 .debug_frame   0x00001564       0x20 c:/program files (x86)/microchip/xc32/v1.42/bin/bin/../../lib/gcc/pic32mx/4.8.3/../../../../pic32mx/lib\libpic32.a(defaultinterrupt.o)
 .debug_frame   0x00001584       0x30 c:/program files (x86)/microchip/xc32/v1.42/bin/bin/../../lib/gcc/pic32mx/4.8.3/../../../../pic32mx/lib\libc.a(itoa.o)
 .debug_frame   0x000015b4       0x48 c:/program files (x86)/microchip/xc32/v1.42/bin/bin/../../lib/gcc/pic32mx/4.8.3/../../../../pic32mx/lib\libc.a(puts.o)
 .debug_frame   0x000015fc       0x28 c:/program files (x86)/microchip/xc32/v1.42/bin/bin/../../lib/gcc/pic32mx/4.8.3/../../../../pic32mx/lib\libc.a(printf_cdnopuxX.eo)
 .debug_frame   0x00001624       0x28 c:/program files (x86)/microchip/xc32/v1.42/bin/bin/../../lib/gcc/pic32mx/4.8.3/../../../../pic32mx/lib\libc.a(sprintf_fF.eo)
 .debug_frame   0x0000164c       0x2c c:/program files (x86)/microchip/xc32/v1.42/bin/bin/../../lib/gcc/pic32mx/4.8.3/../../../../pic32mx/lib\libc.a(_fputc_simple.o)
 .debug_frame   0x00001678       0x28 c:/program files (x86)/microchip/xc32/v1.42/bin/bin/../../lib/gcc/pic32mx/4.8.3/../../../../pic32mx/lib\libc.a(_flsbuf_simple.o)
 .debug_frame   0x000016a0       0x58 c:/program files (x86)/microchip/xc32/v1.42/bin/bin/../../lib/gcc/pic32mx/4.8.3/../../../../pic32mx/lib\libc.a(doprnt_cdfFnopuxX.eo)
 .debug_frame   0x000016f8       0x38 c:/program files (x86)/microchip/xc32/v1.42/bin/bin/../../lib/gcc/pic32mx/4.8.3/../../../../pic32mx/lib\libpic32.a(write.o)
 .debug_frame   0x00001730       0x28 c:/program files (x86)/microchip/xc32/v1.42/bin/bin/../../lib/gcc/pic32mx/4.8.3/../../../../pic32mx/lib\libpic32.a(_mon_putc.o)
 .debug_frame   0x00001758       0x20 c:/program files (x86)/microchip/xc32/v1.42/bin/bin/../../lib/gcc/pic32mx/4.8.3/../../../../pic32mx/lib\libe.a(_floatdisf.o)
 .debug_frame   0x00001778       0x20 c:/program files (x86)/microchip/xc32/v1.42/bin/bin/../../lib/gcc/pic32mx/4.8.3\libgcc.a(_udivdi3.o)
 .debug_frame   0x00001798       0x20 c:/program files (x86)/microchip/xc32/v1.42/bin/bin/../../lib/gcc/pic32mx/4.8.3\libgcc.a(_umoddi3.o)

.debug_str      0x00000000      0x6df
 *(.debug_str)
 .debug_str     0x00000000       0x63 build/pic32mx_sk/production/_ext/1360937237/drv_usart_static.o
 .debug_str     0x00000063       0x39 build/pic32mx_sk/production/_ext/1458591747/sys_clk_static.o
 .debug_str     0x0000009c       0x15 build/pic32mx_sk/production/_ext/1255054701/sys_ports_static.o
 .debug_str     0x000000b1       0x4f build/pic32mx_sk/production/_ext/351744058/system_init.o
 .debug_str     0x00000100        0x0 build/pic32mx_sk/production/_ext/351744058/system_interrupt.o
 .debug_str     0x00000100        0xb build/pic32mx_sk/production/_ext/351744058/system_tasks.o
 .debug_str     0x0000010b        0x9 build/pic32mx_sk/production/_ext/351744058/rtos_hooks.o
 .debug_str     0x00000114        0x6 build/pic32mx_sk/production/_ext/1360937237/app.o
 .debug_str     0x0000011a        0x0 build/pic32mx_sk/production/_ext/1360937237/app1.o
 .debug_str     0x0000011a        0x0 build/pic32mx_sk/production/_ext/1360937237/app2.o
 .debug_str     0x0000011a        0x0 build/pic32mx_sk/production/_ext/1360937237/app3.o
 .debug_str     0x0000011a        0x0 build/pic32mx_sk/production/_ext/1360937237/main.o
 .debug_str     0x0000011a       0x15 build/pic32mx_sk/production/_ext/1360937237/key.o
 .debug_str     0x0000012f       0x5f build/pic32mx_sk/production/_ext/1360937237/adc.o
 .debug_str     0x0000018e       0x23 build/pic32mx_sk/production/_ext/1360937237/buzzer.o
 .debug_str     0x000001b1        0x0 build/pic32mx_sk/production/_ext/1360937237/print.o
 .debug_str     0x000001b1       0x1c build/pic32mx_sk/production/_ext/1360937237/time.o
 .debug_str     0x000001cd       0x15 build/pic32mx_sk/production/_ext/1979166340/bsp_sys_init.o
 .debug_str     0x000001e2       0x40 build/pic32mx_sk/production/_ext/2067596619/osal_freertos.o
 .debug_str     0x00000222       0x16 build/pic32mx_sk/production/_ext/912498863/sys_devcon.o
 .debug_str     0x00000238        0x6 build/pic32mx_sk/production/_ext/912498863/sys_devcon_pic32mx.o
 .debug_str     0x0000023e        0xd build/pic32mx_sk/production/_ext/711155467/sys_int_pic32.o
 .debug_str     0x0000024b       0x98 build/pic32mx_sk/production/_ext/1653354328/sys_ports.o
 .debug_str     0x000002e3        0x0 build/pic32mx_sk/production/_ext/427228813/heap_1.o
 .debug_str     0x000002e3       0x1d build/pic32mx_sk/production/_ext/1811092416/heap_4.o
 .debug_str     0x00000300       0x37 build/pic32mx_sk/production/_ext/789006650/port.o
 .debug_str     0x00000337        0x0 build/pic32mx_sk/production/_ext/161854096/croutine.o
 .debug_str     0x00000337       0x2b build/pic32mx_sk/production/_ext/161854096/list.o
 .debug_str     0x00000362       0xf1 build/pic32mx_sk/production/_ext/161854096/queue.o
 .debug_str     0x00000453      0x1a6 build/pic32mx_sk/production/_ext/161854096/tasks.o
 .debug_str     0x000005f9        0x0 build/pic32mx_sk/production/_ext/161854096/timers.o
 .debug_str     0x000005f9       0xe6 build/pic32mx_sk/production/_ext/161854096/event_groups.o
 .debug_str     0x000006df        0x0 c:/program files (x86)/microchip/xc32/v1.42/bin/bin/../../lib/gcc/pic32mx/4.8.3\libgcc.a(floatunsisf.o)
 .debug_str     0x000006df        0x0 c:/program files (x86)/microchip/xc32/v1.42/bin/bin/../../lib/gcc/pic32mx/4.8.3/../../../../pic32mx/lib\libpic32.a(default-bootstrap-exception-handler.o)
 .debug_str     0x000006df        0x0 c:/program files (x86)/microchip/xc32/v1.42/bin/bin/../../lib/gcc/pic32mx/4.8.3/../../../../pic32mx/lib\libpic32.a(default-on-reset.o)
 .debug_str     0x000006df        0x0 c:/program files (x86)/microchip/xc32/v1.42/bin/bin/../../lib/gcc/pic32mx/4.8.3/../../../../pic32mx/lib\libpic32.a(default-on-bootstrap.o)
 .debug_str     0x000006df        0x0 c:/program files (x86)/microchip/xc32/v1.42/bin/bin/../../lib/gcc/pic32mx/4.8.3/../../../../pic32mx/lib\libpic32.a(defaultinterrupt.o)
 .debug_str     0x000006df        0x0 c:/program files (x86)/microchip/xc32/v1.42/bin/bin/../../lib/gcc/pic32mx/4.8.3/../../../../pic32mx/lib\libc.a(itoa.o)
 .debug_str     0x000006df        0x0 c:/program files (x86)/microchip/xc32/v1.42/bin/bin/../../lib/gcc/pic32mx/4.8.3/../../../../pic32mx/lib\libc.a(puts.o)
 .debug_str     0x000006df        0x0 c:/program files (x86)/microchip/xc32/v1.42/bin/bin/../../lib/gcc/pic32mx/4.8.3/../../../../pic32mx/lib\libc.a(printf_cdnopuxX.eo)
 .debug_str     0x000006df        0x0 c:/program files (x86)/microchip/xc32/v1.42/bin/bin/../../lib/gcc/pic32mx/4.8.3/../../../../pic32mx/lib\libc.a(sprintf_fF.eo)
 .debug_str     0x000006df        0x0 c:/program files (x86)/microchip/xc32/v1.42/bin/bin/../../lib/gcc/pic32mx/4.8.3/../../../../pic32mx/lib\libc.a(_iob.o)
 .debug_str     0x000006df        0x0 c:/program files (x86)/microchip/xc32/v1.42/bin/bin/../../lib/gcc/pic32mx/4.8.3/../../../../pic32mx/lib\libc.a(_fputc_simple.o)
 .debug_str     0x000006df        0x0 c:/program files (x86)/microchip/xc32/v1.42/bin/bin/../../lib/gcc/pic32mx/4.8.3/../../../../pic32mx/lib\libc.a(_flsbuf_simple.o)
 .debug_str     0x000006df        0x0 c:/program files (x86)/microchip/xc32/v1.42/bin/bin/../../lib/gcc/pic32mx/4.8.3/../../../../pic32mx/lib\libc.a(ctype.o)
 .debug_str     0x000006df        0x0 c:/program files (x86)/microchip/xc32/v1.42/bin/bin/../../lib/gcc/pic32mx/4.8.3/../../../../pic32mx/lib\libc.a(powersf.o)
 .debug_str     0x000006df        0x0 c:/program files (x86)/microchip/xc32/v1.42/bin/bin/../../lib/gcc/pic32mx/4.8.3/../../../../pic32mx/lib\libc.a(doprnt_cdfFnopuxX.eo)
 .debug_str     0x000006df        0x0 c:/program files (x86)/microchip/xc32/v1.42/bin/bin/../../lib/gcc/pic32mx/4.8.3/../../../../pic32mx/lib\libpic32.a(write.o)
 .debug_str     0x000006df        0x0 c:/program files (x86)/microchip/xc32/v1.42/bin/bin/../../lib/gcc/pic32mx/4.8.3/../../../../pic32mx/lib\libpic32.a(_mon_putc.o)
 .debug_str     0x000006df        0x0 c:/program files (x86)/microchip/xc32/v1.42/bin/bin/../../lib/gcc/pic32mx/4.8.3/../../../../pic32mx/lib\libpic32.a(xc32_uart.o)
 .debug_str     0x000006df        0x0 c:/program files (x86)/microchip/xc32/v1.42/bin/bin/../../lib/gcc/pic32mx/4.8.3/../../../../pic32mx/lib\libe.a(_floatdisf.o)
 .debug_str     0x000006df        0x0 c:/program files (x86)/microchip/xc32/v1.42/bin/bin/../../lib/gcc/pic32mx/4.8.3\libgcc.a(_udivdi3.o)
 .debug_str     0x000006df        0x0 c:/program files (x86)/microchip/xc32/v1.42/bin/bin/../../lib/gcc/pic32mx/4.8.3\libgcc.a(_umoddi3.o)

.debug_loc      0x00000000     0x6e3c
 *(.debug_loc)
 .debug_loc     0x00000000       0x3a build/pic32mx_sk/production/_ext/1360937237/drv_usart_static.o
 .debug_loc     0x0000003a       0x21 build/pic32mx_sk/production/_ext/1458591747/sys_clk_static.o
 .debug_loc     0x0000005b       0x21 build/pic32mx_sk/production/_ext/351744058/system_init.o
 .debug_loc     0x0000007c       0x8c build/pic32mx_sk/production/_ext/351744058/rtos_hooks.o
 .debug_loc     0x00000108       0x27 build/pic32mx_sk/production/_ext/1360937237/app.o
 .debug_loc     0x0000012f      0xa48 build/pic32mx_sk/production/_ext/1360937237/key.o
 .debug_loc     0x00000b77       0x5d build/pic32mx_sk/production/_ext/1360937237/adc.o
 .debug_loc     0x00000bd4       0xd1 build/pic32mx_sk/production/_ext/1360937237/buzzer.o
 .debug_loc     0x00000ca5      0x3f9 build/pic32mx_sk/production/_ext/1360937237/time.o
 .debug_loc     0x0000109e      0x10e build/pic32mx_sk/production/_ext/1979166340/bsp_sys_init.o
 .debug_loc     0x000011ac      0x42c build/pic32mx_sk/production/_ext/2067596619/osal_freertos.o
 .debug_loc     0x000015d8      0x12a build/pic32mx_sk/production/_ext/912498863/sys_devcon.o
 .debug_loc     0x00001702      0x1b7 build/pic32mx_sk/production/_ext/912498863/sys_devcon_pic32mx.o
 .debug_loc     0x000018b9       0x6c build/pic32mx_sk/production/_ext/711155467/sys_int_pic32.o
 .debug_loc     0x00001925      0xee1 build/pic32mx_sk/production/_ext/1653354328/sys_ports.o
 .debug_loc     0x00002806      0x2c4 build/pic32mx_sk/production/_ext/1811092416/heap_4.o
 .debug_loc     0x00002aca       0xf5 build/pic32mx_sk/production/_ext/789006650/port.o
 .debug_loc     0x00002bbf       0x31 build/pic32mx_sk/production/_ext/161854096/list.o
 .debug_loc     0x00002bf0      0xdc7 build/pic32mx_sk/production/_ext/161854096/queue.o
 .debug_loc     0x000039b7     0x162c build/pic32mx_sk/production/_ext/161854096/tasks.o
 .debug_loc     0x00004fe3      0x93e build/pic32mx_sk/production/_ext/161854096/event_groups.o
 .debug_loc     0x00005921       0x74 c:/program files (x86)/microchip/xc32/v1.42/bin/bin/../../lib/gcc/pic32mx/4.8.3\libgcc.a(floatunsisf.o)
 .debug_loc     0x00005995      0xa6a c:/program files (x86)/microchip/xc32/v1.42/bin/bin/../../lib/gcc/pic32mx/4.8.3\libgcc.a(_udivdi3.o)
 .debug_loc     0x000063ff      0xa3d c:/program files (x86)/microchip/xc32/v1.42/bin/bin/../../lib/gcc/pic32mx/4.8.3\libgcc.a(_umoddi3.o)

.debug_macinfo
 *(.debug_macinfo)

.debug_weaknames
 *(.debug_weaknames)

.debug_funcnames
 *(.debug_funcnames)

.debug_typenames
 *(.debug_typenames)

.debug_varnames
 *(.debug_varnames)

.debug_pubtypes
 *(.debug_pubtypes)

.debug_ranges   0x00000000      0xc10
 *(.debug_ranges)
 .debug_ranges  0x00000000       0x28 build/pic32mx_sk/production/_ext/1360937237/drv_usart_static.o